ARM Linker, 4.1 [Build 481] [Standard]

==============================================================================

Section Cross References

    main.o(.text) refers to _printf_pad.o(.text) for _printf_pre_padding
    main.o(.text) refers to _printf_percent.o(.ARM.Collect$$_printf_percent$$00000000) for _printf_percent
    main.o(.text) refers to _printf_x.o(.ARM.Collect$$_printf_percent$$0000000C) for _printf_x
    main.o(.text) refers to _printf_hex_int.o(.text) for _printf_longlong_hex
    main.o(.text) refers to _printf_f.o(.ARM.Collect$$_printf_percent$$00000003) for _printf_f
    main.o(.text) refers to printf1.o(x$fpl$printf1) for _printf_fp_dec
    main.o(.text) refers to delay.o(.text) for delay_init
    main.o(.text) refers to usart.o(.text) for uart_init
    main.o(.text) refers to ultrasonic.o(.text) for Ultran_Init
    main.o(.text) refers to lcd.o(.text) for LCD_Init
    main.o(.text) refers to noretval__2sprintf.o(.text) for __2sprintf
    main.o(.text) refers to f2d.o(x$fpl$f2d) for __aeabi_f2d
    main.o(.text) refers to lcd.o(.data) for POINT_COLOR
    main.o(.text) refers to lcd.o(.bss) for lcddev
    system_stm32f10x.o(.text) refers to system_stm32f10x.o(.data) for SystemCoreClock
    ultrasonic.o(.text) refers to stm32f10x_rcc.o(.text) for RCC_APB2PeriphClockCmd
    ultrasonic.o(.text) refers to stm32f10x_gpio.o(.text) for GPIO_Init
    ultrasonic.o(.text) refers to delay.o(.text) for delay_ms
    ultrasonic.o(.text) refers to fflt_clz.o(x$fpl$ffltu) for __aeabi_ui2f
    ultrasonic.o(.text) refers to faddsub_clz.o(x$fpl$fadd) for __aeabi_fadd
    ultrasonic.o(.text) refers to fdiv.o(x$fpl$fdiv) for __aeabi_fdiv
    lcd.o(.text) refers to _printf_percent.o(.ARM.Collect$$_printf_percent$$00000000) for _printf_percent
    lcd.o(.text) refers to _printf_x.o(.ARM.Collect$$_printf_percent$$0000000C) for _printf_x
    lcd.o(.text) refers to _printf_hex_int.o(.text) for _printf_longlong_hex
    lcd.o(.text) refers to delay.o(.text) for delay_us
    lcd.o(.text) refers to lcd.o(.bss) for lcddev
    lcd.o(.text) refers to lcd.o(.data) for POINT_COLOR
    lcd.o(.text) refers to dflt_clz.o(x$fpl$dfltu) for __aeabi_ui2d
    lcd.o(.text) refers to dmul.o(x$fpl$dmul) for __aeabi_dmul
    lcd.o(.text) refers to dfixu.o(x$fpl$dfixu) for __aeabi_d2uiz
    lcd.o(.text) refers to stm32f10x_rcc.o(.text) for RCC_APB2PeriphClockCmd
    lcd.o(.text) refers to stm32f10x_gpio.o(.text) for GPIO_PinRemapConfig
    lcd.o(.text) refers to noretval__2printf.o(.text) for __2printf
    lcd.o(.text) refers to lcd.o(.constdata) for asc2_1206
    delay.o(.text) refers to misc.o(.text) for SysTick_CLKSourceConfig
    delay.o(.text) refers to delay.o(.data) for fac_us
    sys.o(.text) refers to misc.o(.text) for NVIC_PriorityGroupConfig
    usart.o(.text) refers (Special) to use_no_semi_2.o(.text) for __use_no_semihosting
    usart.o(.text) refers to stm32f10x_rcc.o(.text) for RCC_APB2PeriphClockCmd
    usart.o(.text) refers to stm32f10x_gpio.o(.text) for GPIO_Init
    usart.o(.text) refers to misc.o(.text) for NVIC_Init
    usart.o(.text) refers to stm32f10x_usart.o(.text) for USART_Init
    usart.o(.text) refers to usart.o(.data) for USART_RX_STA
    usart.o(.text) refers to usart.o(.bss) for USART_RX_BUF
    usart.o(.bss) refers (Special) to use_no_semi_2.o(.text) for __use_no_semihosting
    usart.o(.data) refers (Special) to use_no_semi_2.o(.text) for __use_no_semihosting
    startup_stm32f10x_hd.o(STACK) refers (Special) to heapauxi.o(.text) for __use_two_region_memory
    startup_stm32f10x_hd.o(HEAP) refers (Special) to heapauxi.o(.text) for __use_two_region_memory
    startup_stm32f10x_hd.o(RESET) refers (Special) to heapauxi.o(.text) for __use_two_region_memory
    startup_stm32f10x_hd.o(RESET) refers to startup_stm32f10x_hd.o(STACK) for __initial_sp
    startup_stm32f10x_hd.o(RESET) refers to startup_stm32f10x_hd.o(.text) for Reset_Handler
    startup_stm32f10x_hd.o(RESET) refers to stm32f10x_it.o(.text) for NMI_Handler
    startup_stm32f10x_hd.o(RESET) refers to usart.o(.text) for USART1_IRQHandler
    startup_stm32f10x_hd.o(.text) refers (Special) to heapauxi.o(.text) for __use_two_region_memory
    startup_stm32f10x_hd.o(.text) refers to system_stm32f10x.o(.text) for SystemInit
    startup_stm32f10x_hd.o(.text) refers to __main.o(!!!main) for __main
    startup_stm32f10x_hd.o(.text) refers to startup_stm32f10x_hd.o(HEAP) for Heap_Mem
    startup_stm32f10x_hd.o(.text) refers to startup_stm32f10x_hd.o(STACK) for Stack_Mem
    stm32f10x_adc.o(.text) refers to stm32f10x_rcc.o(.text) for RCC_APB2PeriphResetCmd
    stm32f10x_bkp.o(.text) refers to stm32f10x_rcc.o(.text) for RCC_BackupResetCmd
    stm32f10x_can.o(.text) refers to stm32f10x_rcc.o(.text) for RCC_APB1PeriphResetCmd
    stm32f10x_cec.o(.text) refers to stm32f10x_rcc.o(.text) for RCC_APB1PeriphResetCmd
    stm32f10x_dac.o(.text) refers to stm32f10x_rcc.o(.text) for RCC_APB1PeriphResetCmd
[...]
    rtexit.o(.ARM.exidx) refers (Special) to rtexit2.o(.ARM.Collect$$rtexit$$00000003) for __rt_exit_ls
    rtexit.o(.ARM.exidx) refers (Special) to rtexit2.o(.ARM.Collect$$rtexit$$00000002) for __rt_exit_prels_1
    rtexit.o(.ARM.exidx) refers to rtexit.o(.ARM.Collect$$rtexit$$00000000) for .ARM.Collect$$rtexit$$00000000
    argv_veneer.o(.emb_text) refers to no_argv.o(.text) for __ARM_get_argv
    fpinit.o(x$fpl$fpinit) refers to rt_fp_status_addr_intlibspace.o(.text) for __rt_fp_status_addr
    rtexit2.o(.ARM.Collect$$rtexit$$00000003) refers to libshutdown.o(.ARM.Collect$$libshutdown$$00000000) for __rt_lib_shutdown
    rtexit2.o(.ARM.Collect$$rtexit$$00000004) refers to usart.o(.text) for _sys_exit
    rtexit2.o(.ARM.exidx) refers to rtexit2.o(.ARM.Collect$$rtexit$$00000001) for .ARM.Collect$$rtexit$$00000001
    rtexit2.o(.ARM.exidx) refers to rtexit2.o(.ARM.Collect$$rtexit$$00000002) for .ARM.Collect$$rtexit$$00000002
    rtexit2.o(.ARM.exidx) refers to rtexit2.o(.ARM.Collect$$rtexit$$00000003) for .ARM.Collect$$rtexit$$00000003
    rtexit2.o(.ARM.exidx) refers to rtexit2.o(.ARM.Collect$$rtexit$$00000004) for .ARM.Collect$$rtexit$$00000004
    rt_fp_status_addr.o(.text) refers to rt_fp_status_addr.o(.bss) for __rt_fp_status_addr_data
    rt_fp_status_addr_intlibspace.o(.text) refers to libspace.o(.bss) for __libspace_start
    _get_argv_nomalloc.o(.text) refers (Special) to hrguard.o(.text) for __heap_region$guard
    _get_argv_nomalloc.o(.text) refers to defsig_rtmem_outer.o(.text) for __rt_SIGRTMEM
    _get_argv_nomalloc.o(.text) refers to sys_command.o(.text) for _sys_command_string
    sys_command.o(.text) refers (Special) to use_no_semi.o(.text) for __I$use$semihosting
    defsig_rtmem_outer.o(.text) refers to defsig_rtmem_inner.o(.text) for __rt_SIGRTMEM_inner
    defsig_rtmem_outer.o(.text) refers to defsig_exit.o(.text) for __sig_exit
    defsig_rtmem_formal.o(.text) refers to rt_raise.o(.text) for __rt_raise
    libshutdown.o(.ARM.Collect$$libshutdown$$00000000) refers (Special) to libshutdown2.o(.ARM.Collect$$libshutdown$$00000006) for __rt_lib_shutdown_fp_trap_1
    libshutdown.o(.ARM.Collect$$libshutdown$$00000000) refers (Special) to libshutdown2.o(.ARM.Collect$$libshutdown$$0000000E) for __rt_lib_shutdown_heap_1
    libshutdown.o(.ARM.Collect$$libshutdown$$00000000) refers (Special) to libshutdown2.o(.ARM.Collect$$libshutdown$$0000000F) for __rt_lib_shutdown_return
    libshutdown.o(.ARM.Collect$$libshutdown$$00000000) refers (Special) to libshutdown2.o(.ARM.Collect$$libshutdown$$00000009) for __rt_lib_shutdown_signal_1
    libshutdown.o(.ARM.Collect$$libshutdown$$00000000) refers (Special) to libshutdown2.o(.ARM.Collect$$libshutdown$$00000003) for __rt_lib_shutdown_stdio_1
    libshutdown.o(.ARM.Collect$$libshutdown$$00000000) refers (Special) to libshutdown2.o(.ARM.Collect$$libshutdown$$0000000B) for __rt_lib_shutdown_user_alloc_1
    rt_raise.o(.text) refers to __raise.o(.text) for __raise
    rt_raise.o(.text) refers to usart.o(.text) for _sys_exit
    defsig_exit.o(.text) refers to usart.o(.text) for _sys_exit
    defsig_rtmem_inner.o(.text) refers to defsig_general.o(.text) for __default_signal_display
    __raise.o(.text) refers to defsig.o(CL$$defsig) for __default_signal_handler
    defsig_general.o(.text) refers to sys_wrch.o(.text) for _ttywrch
    sys_wrch.o(.text) refers (Special) to use_no_semi.o(.text) for __I$use$semihosting
    defsig.o(CL$$defsig) refers to defsig_rtmem_inner.o(.text) for __rt_SIGRTMEM_inner
    defsig_abrt_inner.o(.text) refers to defsig_general.o(.text) for __default_signal_display
    defsig_fpe_inner.o(.text) refers to defsig_general.o(.text) for __default_signal_display
    defsig_rtred_inner.o(.text) refers to defsig_general.o(.text) for __default_signal_display
    defsig_stak_inner.o(.text) refers to defsig_general.o(.text) for __default_signal_display
    defsig_pvfn_inner.o(.text) refers to defsig_general.o(.text) for __default_signal_display
    defsig_cppl_inner.o(.text) refers to defsig_general.o(.text) for __default_signal_display
    defsig_segv_inner.o(.text) refers to defsig_general.o(.text) for __default_signal_display
    defsig_other.o(.text) refers to defsig_general.o(.text) for __default_signal_display


==============================================================================

Removing Unused input sections from the image.

    Removing sys.o(.text), (12 bytes).
    Removing core_cm3.o(.emb_text), (32 bytes).
    Removing stm32f10x_adc.o(.text), (1088 bytes).
    Removing stm32f10x_bkp.o(.text), (196 bytes).
    Removing stm32f10x_can.o(.text), (2580 bytes).
    Removing stm32f10x_cec.o(.text), (312 bytes).
    Removing stm32f10x_crc.o(.text), (72 bytes).
    Removing stm32f10x_dac.o(.text), (424 bytes).
    Removing stm32f10x_dbgmcu.o(.text), (48 bytes).
    Removing stm32f10x_dma.o(.text), (584 bytes).
    Removing stm32f10x_exti.o(.text), (316 bytes).
    Removing stm32f10x_flash.o(.text), (1480 bytes).
    Removing stm32f10x_fsmc.o(.text), (1560 bytes).
    Removing stm32f10x_i2c.o(.text), (1008 bytes).
    Removing stm32f10x_iwdg.o(.text), (64 bytes).
    Removing stm32f10x_pwr.o(.text), (216 bytes).
    Removing stm32f10x_rtc.o(.text), (376 bytes).
    Removing stm32f10x_sdio.o(.text), (472 bytes).
    Removing stm32f10x_spi.o(.text), (784 bytes).
    Removing stm32f10x_tim.o(.text), (3502 bytes).
    Removing stm32f10x_wwdg.o(.text), (136 bytes).

21 unused section(s) (total 15262 bytes) removed from the image.

==============================================================================

Image Symbol Table

    Local Symbols

    Symbol Name                              Value     Ov Type        Size  Object(Section)

    ../../angel/boardlib.s                   0x00000000   Number         0  boardinit2.o ABSOLUTE
    ../../angel/boardlib.s                   0x00000000   Number         0  boardinit3.o ABSOLUTE
    ../../angel/boardlib.s                   0x00000000   Number         0  boardinit1.o ABSOLUTE
    ../../angel/boardlib.s                   0x00000000   Number         0  boardshut.o ABSOLUTE
    ../../angel/handlers.s                   0x00000000   Number         0  __scatter_zi.o ABSOLUTE
    ../../angel/handlers.s                   0x00000000   Number         0  __scatter_copy.o ABSOLUTE
    ../../angel/kernel.s                     0x00000000   Number         0  rtentry2.o ABSOLUTE
    ../../angel/kernel.s                     0x00000000   Number         0  rtentry.o ABSOLUTE
    ../../angel/kernel.s                     0x00000000   Number         0  rtexit.o ABSOLUTE
    ../../angel/kernel.s                     0x00000000   Number         0  rtexit2.o ABSOLUTE
    ../../angel/kernel.s                     0x00000000   Number         0  rtentry4.o ABSOLUTE
    ../../angel/rt.s                         0x00000000   Number         0  rt_locale_intlibspace.o ABSOLUTE
    ../../angel/rt.s                         0x00000000   Number         0  rt_fp_status_addr_intlibspace.o ABSOLUTE
    ../../angel/rt.s                         0x00000000   Number         0  rt_fp_status_addr.o ABSOLUTE
    ../../angel/rt.s                         0x00000000   Number         0  rt_raise.o ABSOLUTE
    ../../angel/rt.s                         0x00000000   Number         0  rt_locale.o ABSOLUTE
    ../../angel/scatter.s                    0x00000000   Number         0  __scatter.o ABSOLUTE
    ../../angel/startup.s                    0x00000000   Number         0  __main.o ABSOLUTE
    ../../angel/sys.s                        0x00000000   Number         0  use_no_semi.o ABSOLUTE
    ../../angel/sys.s                        0x00000000   Number         0  sys_stackheap_outer.o ABSOLUTE
    ../../angel/sys.s                        0x00000000   Number         0  use_no_semi_2.o ABSOLUTE
    ../../angel/sys.s                        0x00000000   Number         0  libspace.o ABSOLUTE
    ../../angel/sysapp.c                     0x00000000   Number         0  sys_command.o ABSOLUTE
    ../../angel/sysapp.c                     0x00000000   Number         0  sys_wrch.o ABSOLUTE
    ../../armsys.c                           0x00000000   Number         0  no_argv.o ABSOLUTE
    ../../armsys.c                           0x00000000   Number         0  _get_argv_nomalloc.o ABSOLUTE
    ../../armsys.c                           0x00000000   Number         0  argv_veneer.o ABSOLUTE
    ../../armsys.c                           0x00000000   Number         0  argv_veneer.o ABSOLUTE
    ../../bigflt.c                           0x00000000   Number         0  bigflt0.o ABSOLUTE
    ../../btod.s                             0x00000000   Number         0  btod.o ABSOLUTE
    ../../dfixu.s                            0x00000000   Number         0  dfixu.o ABSOLUTE
    ../../dflt.s                             0x00000000   Number         0  dflt_clz.o ABSOLUTE
    ../../division_7m.s                      0x00000000   Number         0  rtudiv10.o ABSOLUTE
    ../../dmul.s                             0x00000000   Number         0  dmul.o ABSOLUTE
    ../../dnaninf.s                          0x00000000   Number         0  dnaninf.o ABSOLUTE
    ../../dretinf.s                          0x00000000   Number         0  dretinf.o ABSOLUTE
    ../../f2d.s                              0x00000000   Number         0  f2d.o ABSOLUTE
    ../../faddsub.s                          0x00000000   Number         0  faddsub_clz.o ABSOLUTE
    ../../fdiv.s                             0x00000000   Number         0  fdiv.o ABSOLUTE
    ../../fflt.s                             0x00000000   Number         0  fflt_clz.o ABSOLUTE
    ../../fnaninf.s                          0x00000000   Number         0  fnaninf.o ABSOLUTE
    ../../fpclassify.c                       0x00000000   Number         0  fpclassify.o ABSOLUTE
    ../../fpinit.s                           0x00000000   Number         0  fpinit.o ABSOLUTE
    ../../fretinf.s                          0x00000000   Number         0  fretinf.o ABSOLUTE
    ../../heapalloc.c                        0x00000000   Number         0  hrguard.o ABSOLUTE
    ../../heapaux.c                          0x00000000   Number         0  heapauxi.o ABSOLUTE
    ../../istatus.s                          0x00000000   Number         0  istatus.o ABSOLUTE
    ../../libinit.s                          0x00000000   Number         0  libinit.o ABSOLUTE
    ../../libinit.s                          0x00000000   Number         0  libinit2.o ABSOLUTE
    ../../libinit.s                          0x00000000   Number         0  libshutdown.o ABSOLUTE
    ../../libinit.s                          0x00000000   Number         0  libshutdown2.o ABSOLUTE
    ../../locale.s                           0x00000000   Number         0  lc_numeric_c.o ABSOLUTE
    ../../longlong.s                         0x00000000   Number         0  lludiv10.o ABSOLUTE
    ../../memcpset.s                         0x00000000   Number         0  strcmpv7m.o ABSOLUTE
    ../../misc.s                             0x00000000   Number         0  printf_stubs.o ABSOLUTE
    ../../printf.c                           0x00000000   Number         0  _printf_hex_int_ll_ptr.o ABSOLUTE
    ../../printf.c                           0x00000000   Number         0  __printf_flags.o ABSOLUTE
    ../../printf.c                           0x00000000   Number         0  __printf_flags_ss.o ABSOLUTE
    ../../printf.c                           0x00000000   Number         0  __printf_wp.o ABSOLUTE
    ../../printf.c                           0x00000000   Number         0  __printf_flags_wp.o ABSOLUTE
    ../../printf.c                           0x00000000   Number         0  __printf_ss_wp.o ABSOLUTE
    ../../printf.c                           0x00000000   Number         0  __printf_flags_ss_wp.o ABSOLUTE
    ../../printf.c                           0x00000000   Number         0  __printf_nopercent.o ABSOLUTE
    ../../printf.c                           0x00000000   Number         0  _printf_fp_infnan.o ABSOLUTE
    ../../printf.c                           0x00000000   Number         0  _printf_intcommon.o ABSOLUTE
    ../../printf.c                           0x00000000   Number         0  _printf_fp_dec.o ABSOLUTE
    ../../printf.c                           0x00000000   Number         0  _printf_char_common.o ABSOLUTE
    ../../printf.c                           0x00000000   Number         0  _sputc.o ABSOLUTE
    ../../printf.c                           0x00000000   Number         0  __printf_ss.o ABSOLUTE
    ../../printf.c                           0x00000000   Number         0  __2printf.o ABSOLUTE
    ../../printf.c                           0x00000000   Number         0  __2sprintf.o ABSOLUTE
    ../../printf.c                           0x00000000   Number         0  noretval__2printf.o ABSOLUTE
    ../../printf.c                           0x00000000   Number         0  _printf_char_file.o ABSOLUTE
    ../../printf.c                           0x00000000   Number         0  noretval__2sprintf.o ABSOLUTE
    ../../printf.c                           0x00000000   Number         0  __printf.o ABSOLUTE
    ../../printf.c                           0x00000000   Number         0  _printf_pad.o ABSOLUTE
    ../../printf.c                           0x00000000   Number         0  _printf_hex_ll.o ABSOLUTE
    ../../printf.c                           0x00000000   Number         0  _printf_hex_int.o ABSOLUTE
    ../../printf.c                           0x00000000   Number         0  _printf_hex_int_ll.o ABSOLUTE
    ../../printf.c                           0x00000000   Number         0  _printf_hex_ptr.o ABSOLUTE
    ../../printf.c                           0x00000000   Number         0  _printf_hex_int_ptr.o ABSOLUTE
    ../../printf.c                           0x00000000   Number         0  _printf_hex_ll_ptr.o ABSOLUTE
    ../../printf1.s                          0x00000000   Number         0  printf1.o ABSOLUTE
    ../../printf_percent.s                   0x00000000   Number         0  _printf_percent_end.o ABSOLUTE
    ../../printf_percent.s                   0x00000000   Number         0  _printf_x.o ABSOLUTE
    ../../printf_percent.s                   0x00000000   Number         0  _printf_f.o ABSOLUTE
    ../../printf_percent.s                   0x00000000   Number         0  _printf_percent.o ABSOLUTE
    ../../signal.c                           0x00000000   Number         0  defsig_abrt_inner.o ABSOLUTE
    ../../signal.c                           0x00000000   Number         0  defsig_fpe_inner.o ABSOLUTE
    ../../signal.c                           0x00000000   Number         0  defsig_other.o ABSOLUTE
    ../../signal.c                           0x00000000   Number         0  defsig_segv_inner.o ABSOLUTE
    ../../signal.c                           0x00000000   Number         0  defsig_cppl_inner.o ABSOLUTE
    ../../signal.c                           0x00000000   Number         0  defsig_pvfn_inner.o ABSOLUTE
    ../../signal.c                           0x00000000   Number         0  defsig_stak_inner.o ABSOLUTE
    ../../signal.c                           0x00000000   Number         0  defsig_rtred_inner.o ABSOLUTE
    ../../signal.c                           0x00000000   Number         0  defsig_general.o ABSOLUTE
    ../../signal.c                           0x00000000   Number         0  __raise.o ABSOLUTE
    ../../signal.c                           0x00000000   Number         0  defsig_rtmem_inner.o ABSOLUTE
    ../../signal.c                           0x00000000   Number         0  defsig_rtmem_formal.o ABSOLUTE
    ../../signal.c                           0x00000000   Number         0  defsig_exit.o ABSOLUTE
    ../../signal.c                           0x00000000   Number         0  defsig_rtmem_outer.o ABSOLUTE
    ../../signal.s                           0x00000000   Number         0  defsig.o ABSOLUTE
    ../../stdio.c                            0x00000000   Number         0  ferror.o ABSOLUTE
    ../../stdio.c                            0x00000000   Number         0  ferror_locked.o ABSOLUTE
    ../../stdlib.c                           0x00000000   Number         0  exit.o ABSOLUTE
    ../../usenofp.s                          0x00000000   Number         0  usenofp.o ABSOLUTE
    ..\CORE\core_cm3.c                       0x00000000   Number         0  core_cm3.o ABSOLUTE
    ..\CORE\startup_stm32f10x_hd.s           0x00000000   Number         0  startup_stm32f10x_hd.o ABSOLUTE
    ..\HARDWARE\LCD\lcd.c                    0x00000000   Number         0  lcd.o ABSOLUTE
    ..\HARDWARE\ULTRASONIC\ultrasonic.c      0x00000000   Number         0  ultrasonic.o ABSOLUTE
    ..\STM32F10x_FWLib\src\misc.c            0x00000000   Number         0  misc.o ABSOLUTE
    ..\STM32F10x_FWLib\src\stm32f10x_adc.c   0x00000000   Number         0  stm32f10x_adc.o ABSOLUTE
    ..\STM32F10x_FWLib\src\stm32f10x_bkp.c   0x00000000   Number         0  stm32f10x_bkp.o ABSOLUTE
    ..\STM32F10x_FWLib\src\stm32f10x_can.c   0x00000000   Number         0  stm32f10x_can.o ABSOLUTE
    ..\STM32F10x_FWLib\src\stm32f10x_cec.c   0x00000000   Number         0  stm32f10x_cec.o ABSOLUTE
    ..\STM32F10x_FWLib\src\stm32f10x_crc.c   0x00000000   Number         0  stm32f10x_crc.o ABSOLUTE
    ..\STM32F10x_FWLib\src\stm32f10x_dac.c   0x00000000   Number         0  stm32f10x_dac.o ABSOLUTE
    ..\STM32F10x_FWLib\src\stm32f10x_dbgmcu.c 0x00000000   Number         0  stm32f10x_dbgmcu.o ABSOLUTE
    ..\STM32F10x_FWLib\src\stm32f10x_dma.c   0x00000000   Number         0  stm32f10x_dma.o ABSOLUTE
    ..\STM32F10x_FWLib\src\stm32f10x_exti.c  0x00000000   Number         0  stm32f10x_exti.o ABSOLUTE
    ..\STM32F10x_FWLib\src\stm32f10x_flash.c 0x00000000   Number         0  stm32f10x_flash.o ABSOLUTE
    ..\STM32F10x_FWLib\src\stm32f10x_fsmc.c  0x00000000   Number         0  stm32f10x_fsmc.o ABSOLUTE
    ..\STM32F10x_FWLib\src\stm32f10x_gpio.c  0x00000000   Number         0  stm32f10x_gpio.o ABSOLUTE
    ..\STM32F10x_FWLib\src\stm32f10x_i2c.c   0x00000000   Number         0  stm32f10x_i2c.o ABSOLUTE
    ..\STM32F10x_FWLib\src\stm32f10x_iwdg.c  0x00000000   Number         0  stm32f10x_iwdg.o ABSOLUTE
    ..\STM32F10x_FWLib\src\stm32f10x_pwr.c   0x00000000   Number         0  stm32f10x_pwr.o ABSOLUTE
    ..\STM32F10x_FWLib\src\stm32f10x_rcc.c   0x00000000   Number         0  stm32f10x_rcc.o ABSOLUTE
    ..\STM32F10x_FWLib\src\stm32f10x_rtc.c   0x00000000   Number         0  stm32f10x_rtc.o ABSOLUTE
    ..\STM32F10x_FWLib\src\stm32f10x_sdio.c  0x00000000   Number         0  stm32f10x_sdio.o ABSOLUTE
    ..\STM32F10x_FWLib\src\stm32f10x_spi.c   0x00000000   Number         0  stm32f10x_spi.o ABSOLUTE
    ..\STM32F10x_FWLib\src\stm32f10x_tim.c   0x00000000   Number         0  stm32f10x_tim.o ABSOLUTE
    ..\STM32F10x_FWLib\src\stm32f10x_usart.c 0x00000000   Number         0  stm32f10x_usart.o ABSOLUTE
    ..\STM32F10x_FWLib\src\stm32f10x_wwdg.c  0x00000000   Number         0  stm32f10x_wwdg.o ABSOLUTE
    ..\SYSTEM\delay\delay.c                  0x00000000   Number         0  delay.o ABSOLUTE
    ..\SYSTEM\sys\sys.c                      0x00000000   Number         0  sys.o ABSOLUTE
    ..\SYSTEM\usart\usart.c                  0x00000000   Number         0  usart.o ABSOLUTE
    ..\\CORE\\core_cm3.c                     0x00000000   Number         0  core_cm3.o ABSOLUTE
    dc.s                                     0x00000000   Number         0  dc.o ABSOLUTE
    main.c                                   0x00000000   Number         0  main.o ABSOLUTE
    stm32f10x_it.c                           0x00000000   Number         0  stm32f10x_it.o ABSOLUTE
    system_stm32f10x.c                       0x00000000   Number         0  system_stm32f10x.o ABSOLUTE
    RESET                                    0x08000000   Section      304  startup_stm32f10x_hd.o(RESET)
    !!!main                                  0x08000130   Section        8  __main.o(!!!main)
    !!!scatter                               0x08000138   Section       52  __scatter.o(!!!scatter)
    !!handler_copy                           0x0800016c   Section       26  __scatter_copy.o(!!handler_copy)
    !!handler_zi                             0x08000188   Section       28  __scatter_zi.o(!!handler_zi)
    .ARM.Collect$$_printf_percent$$00000000  0x080001a4   Section        0  _printf_percent.o(.ARM.Collect$$_printf_percent$$00000000)
    .ARM.Collect$$_printf_percent$$00000003  0x080001a4   Section        6  _printf_f.o(.ARM.Collect$$_printf_percent$$00000003)
    .ARM.Collect$$_printf_percent$$0000000C  0x080001aa   Section        6  _printf_x.o(.ARM.Collect$$_printf_percent$$0000000C)
    .ARM.Collect$$_printf_percent$$00000017  0x080001b0   Section        4  _printf_percent_end.o(.ARM.Collect$$_printf_percent$$00000017)
    .ARM.Collect$$libinit$$00000000          0x080001b4   Section        6  libinit.o(.ARM.Collect$$libinit$$00000000)
    .ARM.Collect$$libinit$$00000006          0x080001ba   Section        0  libinit2.o(.ARM.Collect$$libinit$$00000006)
    .ARM.Collect$$libinit$$00000008          0x080001ba   Section        0  libinit2.o(.ARM.Collect$$libinit$$00000008)
    .ARM.Collect$$libinit$$0000000A          0x080001ba   Section        0  libinit2.o(.ARM.Collect$$libinit$$0000000A)
    .ARM.Collect$$libinit$$0000000B          0x080001ba   Section        6  libinit2.o(.ARM.Collect$$libinit$$0000000B)
    .ARM.Collect$$libinit$$0000000D          0x080001c0   Section        0  libinit2.o(.ARM.Collect$$libinit$$0000000D)
    .ARM.Collect$$libinit$$0000000F          0x080001c0   Section        0  libinit2.o(.ARM.Collect$$libinit$$0000000F)
    .ARM.Collect$$libinit$$00000011          0x080001c0   Section        0  libinit2.o(.ARM.Collect$$libinit$$00000011)
    .ARM.Collect$$libinit$$00000012          0x080001c0   Section       10  libinit2.o(.ARM.Collect$$libinit$$00000012)
    .ARM.Collect$$libinit$$00000013          0x080001ca   Section        0  libinit2.o(.ARM.Collect$$libinit$$00000013)
    .ARM.Collect$$libinit$$00000015          0x080001ca   Section        0  libinit2.o(.ARM.Collect$$libinit$$00000015)
    .ARM.Collect$$libinit$$00000017          0x080001ca   Section        0  libinit2.o(.ARM.Collect$$libinit$$00000017)
    .ARM.Collect$$libinit$$00000019          0x080001ca   Section        0  libinit2.o(.ARM.Collect$$libinit$$00000019)
    .ARM.Collect$$libinit$$0000001B          0x080001ca   Section        0  libinit2.o(.ARM.Collect$$libinit$$0000001B)
    .ARM.Collect$$libinit$$0000001D          0x080001ca   Section        0  libinit2.o(.ARM.Collect$$libinit$$0000001D)
    .ARM.Collect$$libinit$$0000001F          0x080001ca   Section        0  libinit2.o(.ARM.Collect$$libinit$$0000001F)
    .ARM.Collect$$libinit$$00000021          0x080001ca   Section        0  libinit2.o(.ARM.Collect$$libinit$$00000021)
    .ARM.Collect$$libinit$$00000028          0x080001ca   Section        0  libinit2.o(.ARM.Collect$$libinit$$00000028)
    .ARM.Collect$$libinit$$0000002A          0x080001ca   Section        0  libinit2.o(.ARM.Collect$$libinit$$0000002A)
    .ARM.Collect$$libinit$$0000002C          0x080001ca   Section        0  libinit2.o(.ARM.Collect$$libinit$$0000002C)
    .ARM.Collect$$libinit$$0000002E          0x080001ca   Section        0  libinit2.o(.ARM.Collect$$libinit$$0000002E)
    .ARM.Collect$$libinit$$0000002F          0x080001ca   Section        2  libinit2.o(.ARM.Collect$$libinit$$0000002F)
    .ARM.Collect$$libshutdown$$00000000      0x080001cc   Section        2  libshutdown.o(.ARM.Collect$$libshutdown$$00000000)
    .ARM.Collect$$libshutdown$$00000003      0x080001ce   Section        0  libshutdown2.o(.ARM.Collect$$libshutdown$$00000003)
    .ARM.Collect$$libshutdown$$00000006      0x080001ce   Section        0  libshutdown2.o(.ARM.Collect$$libshutdown$$00000006)
    .ARM.Collect$$libshutdown$$00000009      0x080001ce   Section        0  libshutdown2.o(.ARM.Collect$$libshutdown$$00000009)
    .ARM.Collect$$libshutdown$$0000000B      0x080001ce   Section        0  libshutdown2.o(.ARM.Collect$$libshutdown$$0000000B)
    .ARM.Collect$$libshutdown$$0000000E      0x080001ce   Section        0  libshutdown2.o(.ARM.Collect$$libshutdown$$0000000E)
    .ARM.Collect$$libshutdown$$0000000F      0x080001ce   Section        2  libshutdown2.o(.ARM.Collect$$libshutdown$$0000000F)
    .ARM.Collect$$rtentry$$00000000          0x080001d0   Section        0  rtentry.o(.ARM.Collect$$rtentry$$00000000)
    .ARM.Collect$$rtentry$$00000002          0x080001d0   Section        0  rtentry2.o(.ARM.Collect$$rtentry$$00000002)
    .ARM.Collect$$rtentry$$00000004          0x080001d0   Section        6  rtentry4.o(.ARM.Collect$$rtentry$$00000004)
    .ARM.Collect$$rtentry$$00000009          0x080001d6   Section        0  rtentry2.o(.ARM.Collect$$rtentry$$00000009)
    .ARM.Collect$$rtentry$$0000000A          0x080001d6   Section        4  rtentry2.o(.ARM.Collect$$rtentry$$0000000A)
    .ARM.Collect$$rtentry$$0000000C          0x080001da   Section        0  rtentry2.o(.ARM.Collect$$rtentry$$0000000C)
    .ARM.Collect$$rtentry$$0000000D          0x080001da   Section        8  rtentry2.o(.ARM.Collect$$rtentry$$0000000D)
    .ARM.Collect$$rtexit$$00000000           0x080001e2   Section        2  rtexit.o(.ARM.Collect$$rtexit$$00000000)
    .ARM.Collect$$rtexit$$00000002           0x080001e4   Section        0  rtexit2.o(.ARM.Collect$$rtexit$$00000002)
    .ARM.Collect$$rtexit$$00000003           0x080001e4   Section        4  rtexit2.o(.ARM.Collect$$rtexit$$00000003)
    .ARM.Collect$$rtexit$$00000004           0x080001e8   Section        6  rtexit2.o(.ARM.Collect$$rtexit$$00000004)
    .text                                    0x080001f0   Section        0  main.o(.text)
    .text                                    0x08000298   Section        0  stm32f10x_it.o(.text)
    .text                                    0x080002b4   Section        0  system_stm32f10x.o(.text)
    SetSysClockTo72                          0x080002b5   Thumb Code   192  system_stm32f10x.o(.text)
    SetSysClock                              0x08000375   Thumb Code     8  system_stm32f10x.o(.text)
    .text                                    0x0800047c   Section        0  ultrasonic.o(.text)
    .text                                    0x0800055c   Section        0  lcd.o(.text)
    .text                                    0x08006200   Section        0  delay.o(.text)
    .text                                    0x0800629c   Section        0  usart.o(.text)
    .text                                    0x080063dc   Section       64  startup_stm32f10x_hd.o(.text)
    .text                                    0x0800641c   Section        0  misc.o(.text)
    .text                                    0x08006514   Section        0  stm32f10x_gpio.o(.text)
    .text                                    0x0800686c   Section        0  stm32f10x_rcc.o(.text)
    .text                                    0x08006c10   Section        0  stm32f10x_usart.o(.text)
    .text                                    0x0800701c   Section        2  use_no_semi_2.o(.text)
    .text                                    0x08007020   Section        0  noretval__2printf.o(.text)
    .text                                    0x08007038   Section        0  noretval__2sprintf.o(.text)
    .text                                    0x08007060   Section        0  _printf_pad.o(.text)
    .text                                    0x080070b0   Section        0  _printf_hex_int.o(.text)
    .text                                    0x0800710c   Section        0  __printf_flags_wp.o(.text)
    .text                                    0x08007250   Section        0  heapauxi.o(.text)
    .text                                    0x08007256   Section        2  use_no_semi.o(.text)
    .text                                    0x08007258   Section        0  _printf_intcommon.o(.text)
    .text                                    0x0800730c   Section        0  _printf_fp_dec.o(.text)
    _fp_digits                               0x0800730f   Thumb Code   420  _printf_fp_dec.o(.text)
    .text                                    0x0800771c   Section        0  _printf_char_common.o(.text)
    _printf_input_char                       0x0800771d   Thumb Code    10  _printf_char_common.o(.text)
    .text                                    0x0800774c   Section        0  _sputc.o(.text)
    .text                                    0x08007758   Section        0  _printf_char_file.o(.text)
    .text                                    0x0800777c   Section       12  rt_locale_intlibspace.o(.text)
    .text                                    0x08007788   Section      138  lludiv10.o(.text)
    .text                                    0x08007814   Section        0  _printf_fp_infnan.o(.text)
    .text                                    0x08007890   Section        0  bigflt0.o(.text)
    .text                                    0x0800797c   Section        0  ferror.o(.text)
    .text                                    0x08007984   Section       16  rtudiv10.o(.text)
    .text                                    0x08007994   Section        8  libspace.o(.text)
    .text                                    0x0800799c   Section       74  sys_stackheap_outer.o(.text)
    .text                                    0x080079e6   Section        0  exit.o(.text)
    .text                                    0x080079f4   Section      128  strcmpv7m.o(.text)
    .text                                    0x08007a74   Section       12  rt_fp_status_addr_intlibspace.o(.text)
    CL$$btod_d2e                             0x08007a80   Section       62  btod.o(CL$$btod_d2e)
    CL$$btod_d2e_denorm_low                  0x08007abe   Section       70  btod.o(CL$$btod_d2e_denorm_low)
    CL$$btod_d2e_norm_op1                    0x08007b04   Section       96  btod.o(CL$$btod_d2e_norm_op1)
    CL$$btod_div_common                      0x08007b64   Section      824  btod.o(CL$$btod_div_common)
    CL$$btod_e2e                             0x08007e9c   Section      198  btod.o(CL$$btod_e2e)
    CL$$btod_ediv                            0x08007f62   Section       40  btod.o(CL$$btod_ediv)
    CL$$btod_emul                            0x08007f8a   Section       40  btod.o(CL$$btod_emul)
    CL$$btod_mult_common                     0x08007fb2   Section      580  btod.o(CL$$btod_mult_common)
    i.__ARM_fpclassify                       0x080081f6   Section        0  fpclassify.o(i.__ARM_fpclassify)
    locale$$code                             0x08008220   Section       44  lc_numeric_c.o(locale$$code)
    x$fpl$dfixu                              0x0800824c   Section       90  dfixu.o(x$fpl$dfixu)
    x$fpl$dfltu                              0x080082a6   Section       38  dflt_clz.o(x$fpl$dfltu)
    x$fpl$dmul                               0x080082cc   Section      340  dmul.o(x$fpl$dmul)
    x$fpl$dnaninf                            0x08008420   Section      156  dnaninf.o(x$fpl$dnaninf)
    x$fpl$dretinf                            0x080084bc   Section       12  dretinf.o(x$fpl$dretinf)
    x$fpl$f2d                                0x080084c8   Section       86  f2d.o(x$fpl$f2d)
    x$fpl$fadd                               0x08008520   Section      196  faddsub_clz.o(x$fpl$fadd)
    _fadd1                                   0x0800852f   Thumb Code     0  faddsub_clz.o(x$fpl$fadd)
    x$fpl$fdiv                               0x080085e4   Section      388  fdiv.o(x$fpl$fdiv)
    _fdiv1                                   0x080085e5   Thumb Code     0  fdiv.o(x$fpl$fdiv)
    x$fpl$ffltu                              0x08008768   Section       38  fflt_clz.o(x$fpl$ffltu)
    x$fpl$fnaninf                            0x0800878e   Section      140  fnaninf.o(x$fpl$fnaninf)
    x$fpl$fpinit                             0x0800881a   Section       14  fpinit.o(x$fpl$fpinit)
    x$fpl$fretinf                            0x08008828   Section       10  fretinf.o(x$fpl$fretinf)
    x$fpl$fsub                               0x08008834   Section      234  faddsub_clz.o(x$fpl$fsub)
    _fsub1                                   0x08008843   Thumb Code     0  faddsub_clz.o(x$fpl$fsub)
    x$fpl$printf1                            0x0800891e   Section        4  printf1.o(x$fpl$printf1)
    .constdata                               0x08008922   Section     6080  lcd.o(.constdata)
    x$fpl$usenofp                            0x08008922   Section        0  usenofp.o(x$fpl$usenofp)
    .constdata                               0x0800a0e2   Section       40  _printf_hex_int.o(.constdata)
    uc_hextab                                0x0800a0e2   Data          20  _printf_hex_int.o(.constdata)
    lc_hextab                                0x0800a0f6   Data          20  _printf_hex_int.o(.constdata)
    .constdata                               0x0800a10a   Section       17  __printf_flags_wp.o(.constdata)
    maptable                                 0x0800a10a   Data          17  __printf_flags_wp.o(.constdata)
    .constdata                               0x0800a11c   Section      148  bigflt0.o(.constdata)
    tenpwrs_x                                0x0800a11c   Data          60  bigflt0.o(.constdata)
    tenpwrs_i                                0x0800a158   Data          64  bigflt0.o(.constdata)
    locale$$data                             0x0800a1d0   Section       28  lc_numeric_c.o(locale$$data)
    __lcnum_c_name                           0x0800a1d4   Data           2  lc_numeric_c.o(locale$$data)
    __lcnum_c_start                          0x0800a1dc   Data           0  lc_numeric_c.o(locale$$data)
    __lcnum_c_point                          0x0800a1e8   Data           0  lc_numeric_c.o(locale$$data)
    __lcnum_c_thousands                      0x0800a1ea   Data           0  lc_numeric_c.o(locale$$data)
    __lcnum_c_grouping                       0x0800a1eb   Data           0  lc_numeric_c.o(locale$$data)
    __lcnum_c_end                            0x0800a1ec   Data           0  lc_numeric_c.o(locale$$data)
    .data                                    0x20000000   Section       20  system_stm32f10x.o(.data)
    .data                                    0x20000014   Section        4  lcd.o(.data)
    .data                                    0x20000018   Section        4  delay.o(.data)
    fac_us                                   0x20000018   Data           1  delay.o(.data)
    fac_ms                                   0x2000001a   Data           2  delay.o(.data)
    .data                                    0x2000001c   Section        8  usart.o(.data)
    .data                                    0x20000024   Section       20  stm32f10x_rcc.o(.data)
    APBAHBPrescTable                         0x20000024   Data          16  stm32f10x_rcc.o(.data)
    ADCPrescTable                            0x20000034   Data           4  stm32f10x_rcc.o(.data)
    .bss                                     0x20000038   Section       14  lcd.o(.bss)
    .bss                                     0x20000046   Section       64  usart.o(.bss)
    .bss                                     0x20000088   Section       96  libspace.o(.bss)
    HEAP                                     0x200000e8   Section      512  startup_stm32f10x_hd.o(HEAP)
    Heap_Mem                                 0x200000e8   Data         512  startup_stm32f10x_hd.o(HEAP)
    STACK                                    0x200002e8   Section     1024  startup_stm32f10x_hd.o(STACK)
    Stack_Mem                                0x200002e8   Data        1024  startup_stm32f10x_hd.o(STACK)
    __initial_sp                             0x200006e8   Data           0  startup_stm32f10x_hd.o(STACK)

    Global Symbols

    Symbol Name                              Value     Ov Type        Size  Object(Section)

    BuildAttributes$$THM_ISAv4$P$D$K$B$S$PE$A:L22UL41UL21$X:L11$S22US41US21$IEEE1$IW$USESV6$~STKCKD$USESV7$~SHL$OTIME$ROPI$IEEEJ$EBA8$UX$STANDARDLIB$REQ8$PRES8$EABIv2 0x00000000   Number         0  anon$$obj.o ABSOLUTE
    __ARM_use_no_argv                        0x00000000   Number         0  main.o ABSOLUTE
    _printf_flags                            0x00000000   Number         0  printf_stubs.o ABSOLUTE
    _printf_return_value                     0x00000000   Number         0  printf_stubs.o ABSOLUTE
    _printf_sizespec                         0x00000000   Number         0  printf_stubs.o ABSOLUTE
    _printf_widthprec                        0x00000000   Number         0  printf_stubs.o ABSOLUTE
    __ARM_exceptions_init                     - Undefined Weak Reference
    __alloca_initialize                       - Undefined Weak Reference
    __cpp_initialize__aeabi_                  - Undefined Weak Reference
    __cxa_finalize                            - Undefined Weak Reference
    __sigvec_lookup                           - Undefined Weak Reference
    _atexit_init                              - Undefined Weak Reference
    _call_atexit_fns                          - Undefined Weak Reference
    _clock_init                               - Undefined Weak Reference
    _fp_trap_init                             - Undefined Weak Reference
    _fp_trap_shutdown                         - Undefined Weak Reference
    _get_lc_collate                           - Undefined Weak Reference
    _get_lc_ctype                             - Undefined Weak Reference
    _get_lc_monetary                          - Undefined Weak Reference
    _get_lc_time                              - Undefined Weak Reference
    _getenv_init                              - Undefined Weak Reference
    _handle_redirection                       - Undefined Weak Reference
    _init_alloc                               - Undefined Weak Reference
    _init_user_alloc                          - Undefined Weak Reference
    _initio                                   - Undefined Weak Reference
    _mutex_acquire                            - Undefined Weak Reference
    _mutex_release                            - Undefined Weak Reference
    _printf_truncate_unsigned                 - Undefined Weak Reference
    _rand_init                                - Undefined Weak Reference
    _signal_finish                            - Undefined Weak Reference
    _signal_init                              - Undefined Weak Reference
    _terminate_alloc                          - Undefined Weak Reference
    _terminate_user_alloc                     - Undefined Weak Reference
    _terminateio                              - Undefined Weak Reference
    __Vectors_Size                           0x00000130   Number         0  startup_stm32f10x_hd.o ABSOLUTE
    __Vectors                                0x08000000   Data           4  startup_stm32f10x_hd.o(RESET)
    __Vectors_End                            0x08000130   Data           0  startup_stm32f10x_hd.o(RESET)
    __main                                   0x08000131   Thumb Code     8  __main.o(!!!main)
    __scatterload                            0x08000139   Thumb Code     0  __scatter.o(!!!scatter)
    __scatterload_rt2                        0x08000139   Thumb Code    44  __scatter.o(!!!scatter)
    __scatterload_rt2_thumb_only             0x08000139   Thumb Code     0  __scatter.o(!!!scatter)
    __scatterload_null                       0x08000147   Thumb Code     0  __scatter.o(!!!scatter)
    __scatterload_copy                       0x0800016d   Thumb Code    26  __scatter_copy.o(!!handler_copy)
    __scatterload_zeroinit                   0x08000189   Thumb Code    28  __scatter_zi.o(!!handler_zi)
    _printf_f                                0x080001a5   Thumb Code     0  _printf_f.o(.ARM.Collect$$_printf_percent$$00000003)
    _printf_percent                          0x080001a5   Thumb Code     0  _printf_percent.o(.ARM.Collect$$_printf_percent$$00000000)
    _printf_x                                0x080001ab   Thumb Code     0  _printf_x.o(.ARM.Collect$$_printf_percent$$0000000C)
    _printf_percent_end                      0x080001b1   Thumb Code     0  _printf_percent_end.o(.ARM.Collect$$_printf_percent$$00000017)
    __rt_lib_init                            0x080001b5   Thumb Code     0  libinit.o(.ARM.Collect$$libinit$$00000000)
    __rt_lib_init_heap_1                     0x080001bb   Thumb Code     0  libinit2.o(.ARM.Collect$$libinit$$00000006)
    __rt_lib_init_lc_common                  0x080001bb   Thumb Code     0  libinit2.o(.ARM.Collect$$libinit$$0000000B)
    __rt_lib_init_rand_1                     0x080001bb   Thumb Code     0  libinit2.o(.ARM.Collect$$libinit$$0000000A)
    __rt_lib_init_user_alloc_1               0x080001bb   Thumb Code     0  libinit2.o(.ARM.Collect$$libinit$$00000008)
    __rt_lib_init_lc_collate_1               0x080001c1   Thumb Code     0  libinit2.o(.ARM.Collect$$libinit$$0000000D)
    __rt_lib_init_lc_ctype_1                 0x080001c1   Thumb Code     0  libinit2.o(.ARM.Collect$$libinit$$0000000F)
    __rt_lib_init_lc_monetary_1              0x080001c1   Thumb Code     0  libinit2.o(.ARM.Collect$$libinit$$00000011)
    __rt_lib_init_lc_numeric_2               0x080001c1   Thumb Code     0  libinit2.o(.ARM.Collect$$libinit$$00000012)
    __rt_lib_init_alloca_1                   0x080001cb   Thumb Code     0  libinit2.o(.ARM.Collect$$libinit$$0000002A)
    __rt_lib_init_argv_1                     0x080001cb   Thumb Code     0  libinit2.o(.ARM.Collect$$libinit$$00000028)
    __rt_lib_init_atexit_1                   0x080001cb   Thumb Code     0  libinit2.o(.ARM.Collect$$libinit$$00000017)
    __rt_lib_init_clock_1                    0x080001cb   Thumb Code     0  libinit2.o(.ARM.Collect$$libinit$$0000001D)
    __rt_lib_init_cpp_1                      0x080001cb   Thumb Code     0  libinit2.o(.ARM.Collect$$libinit$$0000002E)
    __rt_lib_init_exceptions_1               0x080001cb   Thumb Code     0  libinit2.o(.ARM.Collect$$libinit$$0000002C)
    __rt_lib_init_fp_trap_1                  0x080001cb   Thumb Code     0  libinit2.o(.ARM.Collect$$libinit$$0000001B)
    __rt_lib_init_getenv_1                   0x080001cb   Thumb Code     0  libinit2.o(.ARM.Collect$$libinit$$0000001F)
    __rt_lib_init_lc_numeric_1               0x080001cb   Thumb Code     0  libinit2.o(.ARM.Collect$$libinit$$00000013)
    __rt_lib_init_lc_time_1                  0x080001cb   Thumb Code     0  libinit2.o(.ARM.Collect$$libinit$$00000015)
    __rt_lib_init_return                     0x080001cb   Thumb Code     0  libinit2.o(.ARM.Collect$$libinit$$0000002F)
    __rt_lib_init_signal_1                   0x080001cb   Thumb Code     0  libinit2.o(.ARM.Collect$$libinit$$00000019)
    __rt_lib_init_stdio_1                    0x080001cb   Thumb Code     0  libinit2.o(.ARM.Collect$$libinit$$00000021)
    __rt_lib_shutdown                        0x080001cd   Thumb Code     0  libshutdown.o(.ARM.Collect$$libshutdown$$00000000)
    __rt_lib_shutdown_fp_trap_1              0x080001cf   Thumb Code     0  libshutdown2.o(.ARM.Collect$$libshutdown$$00000006)
    __rt_lib_shutdown_heap_1                 0x080001cf   Thumb Code     0  libshutdown2.o(.ARM.Collect$$libshutdown$$0000000E)
    __rt_lib_shutdown_return                 0x080001cf   Thumb Code     0  libshutdown2.o(.ARM.Collect$$libshutdown$$0000000F)
    __rt_lib_shutdown_signal_1               0x080001cf   Thumb Code     0  libshutdown2.o(.ARM.Collect$$libshutdown$$00000009)
    __rt_lib_shutdown_stdio_1                0x080001cf   Thumb Code     0  libshutdown2.o(.ARM.Collect$$libshutdown$$00000003)
    __rt_lib_shutdown_user_alloc_1           0x080001cf   Thumb Code     0  libshutdown2.o(.ARM.Collect$$libshutdown$$0000000B)
    __rt_entry                               0x080001d1   Thumb Code     0  rtentry.o(.ARM.Collect$$rtentry$$00000000)
    __rt_entry_presh_1                       0x080001d1   Thumb Code     0  rtentry2.o(.ARM.Collect$$rtentry$$00000002)
    __rt_entry_sh                            0x080001d1   Thumb Code     0  rtentry4.o(.ARM.Collect$$rtentry$$00000004)
    __rt_entry_li                            0x080001d7   Thumb Code     0  rtentry2.o(.ARM.Collect$$rtentry$$0000000A)
    __rt_entry_postsh_1                      0x080001d7   Thumb Code     0  rtentry2.o(.ARM.Collect$$rtentry$$00000009)
    __rt_entry_main                          0x080001db   Thumb Code     0  rtentry2.o(.ARM.Collect$$rtentry$$0000000D)
    __rt_entry_postli_1                      0x080001db   Thumb Code     0  rtentry2.o(.ARM.Collect$$rtentry$$0000000C)
    __rt_exit                                0x080001e3   Thumb Code     0  rtexit.o(.ARM.Collect$$rtexit$$00000000)
    __rt_exit_ls                             0x080001e5   Thumb Code     0  rtexit2.o(.ARM.Collect$$rtexit$$00000003)
    __rt_exit_prels_1                        0x080001e5   Thumb Code     0  rtexit2.o(.ARM.Collect$$rtexit$$00000002)
    __rt_exit_exit                           0x080001e9   Thumb Code     0  rtexit2.o(.ARM.Collect$$rtexit$$00000004)
    main                                     0x080001f1   Thumb Code   122  main.o(.text)
    NMI_Handler                              0x08000299   Thumb Code     2  stm32f10x_it.o(.text)
    HardFault_Handler                        0x0800029b   Thumb Code     4  stm32f10x_it.o(.text)
    MemManage_Handler                        0x0800029f   Thumb Code     4  stm32f10x_it.o(.text)
    BusFault_Handler                         0x080002a3   Thumb Code     4  stm32f10x_it.o(.text)
    UsageFault_Handler                       0x080002a7   Thumb Code     4  stm32f10x_it.o(.text)
    SVC_Handler                              0x080002ab   Thumb Code     2  stm32f10x_it.o(.text)
    DebugMon_Handler                         0x080002ad   Thumb Code     2  stm32f10x_it.o(.text)
    PendSV_Handler                           0x080002af   Thumb Code     2  stm32f10x_it.o(.text)
    SysTick_Handler                          0x080002b1   Thumb Code     2  stm32f10x_it.o(.text)
    SystemInit                               0x0800037d   Thumb Code    78  system_stm32f10x.o(.text)
    SystemCoreClockUpdate                    0x080003cb   Thumb Code   142  system_stm32f10x.o(.text)
    Ultran_Init                              0x0800047d   Thumb Code    72  ultrasonic.o(.text)
    Ultra_Ranging                            0x080004c5   Thumb Code   130  ultrasonic.o(.text)
    LCD_WR_REG                               0x0800055d   Thumb Code    32  lcd.o(.text)
    LCD_WR_DATAX                             0x0800057d   Thumb Code    32  lcd.o(.text)
    LCD_RD_DATA                              0x0800059d   Thumb Code   110  lcd.o(.text)
    LCD_WriteReg                             0x0800060b   Thumb Code    44  lcd.o(.text)
    LCD_ReadReg                              0x08000637   Thumb Code    16  lcd.o(.text)
    LCD_WriteRAM_Prepare                     0x08000647   Thumb Code    12  lcd.o(.text)
    LCD_WriteRAM                             0x08000653   Thumb Code    32  lcd.o(.text)
    LCD_BGR2RGB                              0x08000673   Thumb Code    26  lcd.o(.text)
    opt_delay                                0x0800068d   Thumb Code    14  lcd.o(.text)
    LCD_SetCursor                            0x0800069b   Thumb Code  1152  lcd.o(.text)
    LCD_ReadPoint                            0x08000b1b   Thumb Code   510  lcd.o(.text)
    LCD_DisplayOn                            0x08000d19   Thumb Code   116  lcd.o(.text)
    LCD_DisplayOff                           0x08000d8d   Thumb Code    90  lcd.o(.text)
    LCD_Scan_Dir                             0x08000de7   Thumb Code  1232  lcd.o(.text)
    LCD_DrawPoint                            0x080012b7   Thumb Code    56  lcd.o(.text)
    LCD_Fast_DrawPoint                       0x080012ef   Thumb Code  1024  lcd.o(.text)
    LCD_SSD_BackLightSet                     0x080016ef   Thumb Code   242  lcd.o(.text)
    LCD_Display_Dir                          0x080017e1   Thumb Code   468  lcd.o(.text)
    LCD_Set_Window                           0x080019b5   Thumb Code  1250  lcd.o(.text)
    LCD_Clear                                0x08001e97   Thumb Code   128  lcd.o(.text)
    LCD_Init                                 0x08001f17   Thumb Code 15632  lcd.o(.text)
    LCD_Fill                                 0x08005c27   Thumb Code   200  lcd.o(.text)
    LCD_Color_Fill                           0x08005cef   Thumb Code   122  lcd.o(.text)
    LCD_DrawLine                             0x08005d69   Thumb Code   176  lcd.o(.text)
    LCD_DrawRectangle                        0x08005e19   Thumb Code    60  lcd.o(.text)
    LCD_Draw_Circle                          0x08005e55   Thumb Code   174  lcd.o(.text)
    LCD_ShowChar                             0x08005f03   Thumb Code   272  lcd.o(.text)
    LCD_Pow                                  0x08006013   Thumb Code    22  lcd.o(.text)
    LCD_ShowNum                              0x08006029   Thumb Code   152  lcd.o(.text)
    LCD_ShowxNum                             0x080060c1   Thumb Code   194  lcd.o(.text)
    LCD_ShowString                           0x08006183   Thumb Code   102  lcd.o(.text)
    delay_init                               0x08006201   Thumb Code    40  delay.o(.text)
    delay_ms                                 0x08006229   Thumb Code    54  delay.o(.text)
    delay_us                                 0x0800625f   Thumb Code    54  delay.o(.text)
    _sys_exit                                0x0800629d   Thumb Code     6  usart.o(.text)
    fputc                                    0x080062a3   Thumb Code    20  usart.o(.text)
    uart_init                                0x080062b7   Thumb Code   152  usart.o(.text)
    USART1_IRQHandler                        0x0800634f   Thumb Code   122  usart.o(.text)
    Reset_Handler                            0x080063dd   Thumb Code     8  startup_stm32f10x_hd.o(.text)
    ADC1_2_IRQHandler                        0x080063f7   Thumb Code     0  startup_stm32f10x_hd.o(.text)
    ADC3_IRQHandler                          0x080063f7   Thumb Code     0  startup_stm32f10x_hd.o(.text)
    CAN1_RX1_IRQHandler                      0x080063f7   Thumb Code     0  startup_stm32f10x_hd.o(.text)
    CAN1_SCE_IRQHandler                      0x080063f7   Thumb Code     0  startup_stm32f10x_hd.o(.text)
    DMA1_Channel1_IRQHandler                 0x080063f7   Thumb Code     0  startup_stm32f10x_hd.o(.text)
    DMA1_Channel2_IRQHandler                 0x080063f7   Thumb Code     0  startup_stm32f10x_hd.o(.text)
    DMA1_Channel3_IRQHandler                 0x080063f7   Thumb Code     0  startup_stm32f10x_hd.o(.text)
    DMA1_Channel4_IRQHandler                 0x080063f7   Thumb Code     0  startup_stm32f10x_hd.o(.text)
    DMA1_Channel5_IRQHandler                 0x080063f7   Thumb Code     0  startup_stm32f10x_hd.o(.text)
    DMA1_Channel6_IRQHandler                 0x080063f7   Thumb Code     0  startup_stm32f10x_hd.o(.text)
    DMA1_Channel7_IRQHandler                 0x080063f7   Thumb Code     0  startup_stm32f10x_hd.o(.text)
    DMA2_Channel1_IRQHandler                 0x080063f7   Thumb Code     0  startup_stm32f10x_hd.o(.text)
    DMA2_Channel2_IRQHandler                 0x080063f7   Thumb Code     0  startup_stm32f10x_hd.o(.text)
    DMA2_Channel3_IRQHandler                 0x080063f7   Thumb Code     0  startup_stm32f10x_hd.o(.text)
    DMA2_Channel4_5_IRQHandler               0x080063f7   Thumb Code     0  startup_stm32f10x_hd.o(.text)
    EXTI0_IRQHandler                         0x080063f7   Thumb Code     0  startup_stm32f10x_hd.o(.text)
    EXTI15_10_IRQHandler                     0x080063f7   Thumb Code     0  startup_stm32f10x_hd.o(.text)
    EXTI1_IRQHandler                         0x080063f7   Thumb Code     0  startup_stm32f10x_hd.o(.text)
    EXTI2_IRQHandler                         0x080063f7   Thumb Code     0  startup_stm32f10x_hd.o(.text)
    EXTI3_IRQHandler                         0x080063f7   Thumb Code     0  startup_stm32f10x_hd.o(.text)
    EXTI4_IRQHandler                         0x080063f7   Thumb Code     0  startup_stm32f10x_hd.o(.text)
    EXTI9_5_IRQHandler                       0x080063f7   Thumb Code     0  startup_stm32f10x_hd.o(.text)
    FLASH_IRQHandler                         0x080063f7   Thumb Code     0  startup_stm32f10x_hd.o(.text)
    FSMC_IRQHandler                          0x080063f7   Thumb Code     0  startup_stm32f10x_hd.o(.text)
    I2C1_ER_IRQHandler                       0x080063f7   Thumb Code     0  startup_stm32f10x_hd.o(.text)
    I2C1_EV_IRQHandler                       0x080063f7   Thumb Code     0  startup_stm32f10x_hd.o(.text)
    I2C2_ER_IRQHandler                       0x080063f7   Thumb Code     0  startup_stm32f10x_hd.o(.text)
    I2C2_EV_IRQHandler                       0x080063f7   Thumb Code     0  startup_stm32f10x_hd.o(.text)
    PVD_IRQHandler                           0x080063f7   Thumb Code     0  startup_stm32f10x_hd.o(.text)
    RCC_IRQHandler                           0x080063f7   Thumb Code     0  startup_stm32f10x_hd.o(.text)
    RTCAlarm_IRQHandler                      0x080063f7   Thumb Code     0  startup_stm32f10x_hd.o(.text)
    RTC_IRQHandler                           0x080063f7   Thumb Code     0  startup_stm32f10x_hd.o(.text)
    SDIO_IRQHandler                          0x080063f7   Thumb Code     0  startup_stm32f10x_hd.o(.text)
    SPI1_IRQHandler                          0x080063f7   Thumb Code     0  startup_stm32f10x_hd.o(.text)
    SPI2_IRQHandler                          0x080063f7   Thumb Code     0  startup_stm32f10x_hd.o(.text)
    SPI3_IRQHandler                          0x080063f7   Thumb Code     0  startup_stm32f10x_hd.o(.text)
    TAMPER_IRQHandler                        0x080063f7   Thumb Code     0  startup_stm32f10x_hd.o(.text)
    TIM1_BRK_IRQHandler                      0x080063f7   Thumb Code     0  startup_stm32f10x_hd.o(.text)
    TIM1_CC_IRQHandler                       0x080063f7   Thumb Code     0  startup_stm32f10x_hd.o(.text)
    TIM1_TRG_COM_IRQHandler                  0x080063f7   Thumb Code     0  startup_stm32f10x_hd.o(.text)
    TIM1_UP_IRQHandler                       0x080063f7   Thumb Code     0  startup_stm32f10x_hd.o(.text)
    TIM2_IRQHandler                          0x080063f7   Thumb Code     0  startup_stm32f10x_hd.o(.text)
    TIM3_IRQHandler                          0x080063f7   Thumb Code     0  startup_stm32f10x_hd.o(.text)
    TIM4_IRQHandler                          0x080063f7   Thumb Code     0  startup_stm32f10x_hd.o(.text)
    TIM5_IRQHandler                          0x080063f7   Thumb Code     0  startup_stm32f10x_hd.o(.text)
    TIM6_IRQHandler                          0x080063f7   Thumb Code     0  startup_stm32f10x_hd.o(.text)
    TIM7_IRQHandler                          0x080063f7   Thumb Code     0  startup_stm32f10x_hd.o(.text)
    TIM8_BRK_IRQHandler                      0x080063f7   Thumb Code     0  startup_stm32f10x_hd.o(.text)
    TIM8_CC_IRQHandler                       0x080063f7   Thumb Code     0  startup_stm32f10x_hd.o(.text)
    TIM8_TRG_COM_IRQHandler                  0x080063f7   Thumb Code     0  startup_stm32f10x_hd.o(.text)
    TIM8_UP_IRQHandler                       0x080063f7   Thumb Code     0  startup_stm32f10x_hd.o(.text)
    UART4_IRQHandler                         0x080063f7   Thumb Code     0  startup_stm32f10x_hd.o(.text)
    UART5_IRQHandler                         0x080063f7   Thumb Code     0  startup_stm32f10x_hd.o(.text)
    USART2_IRQHandler                        0x080063f7   Thumb Code     0  startup_stm32f10x_hd.o(.text)
    USART3_IRQHandler                        0x080063f7   Thumb Code     0  startup_stm32f10x_hd.o(.text)
    USBWakeUp_IRQHandler                     0x080063f7   Thumb Code     0  startup_stm32f10x_hd.o(.text)
    USB_HP_CAN1_TX_IRQHandler                0x080063f7   Thumb Code     0  startup_stm32f10x_hd.o(.text)
    USB_LP_CAN1_RX0_IRQHandler               0x080063f7   Thumb Code     0  startup_stm32f10x_hd.o(.text)
    WWDG_IRQHandler                          0x080063f7   Thumb Code     0  startup_stm32f10x_hd.o(.text)
    __user_initial_stackheap                 0x080063f9   Thumb Code     0  startup_stm32f10x_hd.o(.text)
    NVIC_PriorityGroupConfig                 0x0800641d   Thumb Code    10  misc.o(.text)
    NVIC_Init                                0x08006427   Thumb Code   118  misc.o(.text)
    NVIC_SetVectorTable                      0x0800649d   Thumb Code    12  misc.o(.text)
    NVIC_SystemLPConfig                      0x080064a9   Thumb Code    38  misc.o(.text)
    SysTick_CLKSourceConfig                  0x080064cf   Thumb Code    40  misc.o(.text)
    GPIO_DeInit                              0x08006515   Thumb Code   172  stm32f10x_gpio.o(.text)
    GPIO_AFIODeInit                          0x080065c1   Thumb Code    20  stm32f10x_gpio.o(.text)
    GPIO_Init                                0x080065d5   Thumb Code   274  stm32f10x_gpio.o(.text)
    GPIO_StructInit                          0x080066e7   Thumb Code    16  stm32f10x_gpio.o(.text)
    GPIO_ReadInputDataBit                    0x080066f7   Thumb Code    18  stm32f10x_gpio.o(.text)
    GPIO_ReadInputData                       0x08006709   Thumb Code     8  stm32f10x_gpio.o(.text)
    GPIO_ReadOutputDataBit                   0x08006711   Thumb Code    18  stm32f10x_gpio.o(.text)
    GPIO_ReadOutputData                      0x08006723   Thumb Code     8  stm32f10x_gpio.o(.text)
    GPIO_SetBits                             0x0800672b   Thumb Code     4  stm32f10x_gpio.o(.text)
    GPIO_ResetBits                           0x0800672f   Thumb Code     4  stm32f10x_gpio.o(.text)
    GPIO_WriteBit                            0x08006733   Thumb Code    10  stm32f10x_gpio.o(.text)
    GPIO_Write                               0x0800673d   Thumb Code     4  stm32f10x_gpio.o(.text)
    GPIO_PinLockConfig                       0x08006741   Thumb Code    18  stm32f10x_gpio.o(.text)
    GPIO_EventOutputConfig                   0x08006753   Thumb Code    26  stm32f10x_gpio.o(.text)
    GPIO_EventOutputCmd                      0x0800676d   Thumb Code     6  stm32f10x_gpio.o(.text)
    GPIO_PinRemapConfig                      0x08006773   Thumb Code   138  stm32f10x_gpio.o(.text)
    GPIO_EXTILineConfig                      0x080067fd   Thumb Code    66  stm32f10x_gpio.o(.text)
    GPIO_ETH_MediaInterfaceConfig            0x0800683f   Thumb Code     6  stm32f10x_gpio.o(.text)
    RCC_DeInit                               0x0800686d   Thumb Code    64  stm32f10x_rcc.o(.text)
    RCC_HSEConfig                            0x080068ad   Thumb Code    70  stm32f10x_rcc.o(.text)
    RCC_GetFlagStatus                        0x080068f3   Thumb Code    56  stm32f10x_rcc.o(.text)
    RCC_WaitForHSEStartUp                    0x0800692b   Thumb Code    48  stm32f10x_rcc.o(.text)
    RCC_AdjustHSICalibrationValue            0x0800695b   Thumb Code    20  stm32f10x_rcc.o(.text)
    RCC_HSICmd                               0x0800696f   Thumb Code     6  stm32f10x_rcc.o(.text)
    RCC_PLLConfig                            0x08006975   Thumb Code    24  stm32f10x_rcc.o(.text)
    RCC_PLLCmd                               0x0800698d   Thumb Code     6  stm32f10x_rcc.o(.text)
    RCC_SYSCLKConfig                         0x08006993   Thumb Code    18  stm32f10x_rcc.o(.text)
    RCC_GetSYSCLKSource                      0x080069a5   Thumb Code    10  stm32f10x_rcc.o(.text)
    RCC_HCLKConfig                           0x080069af   Thumb Code    18  stm32f10x_rcc.o(.text)
    RCC_PCLK1Config                          0x080069c1   Thumb Code    18  stm32f10x_rcc.o(.text)
    RCC_PCLK2Config                          0x080069d3   Thumb Code    20  stm32f10x_rcc.o(.text)
    RCC_ITConfig                             0x080069e7   Thumb Code    30  stm32f10x_rcc.o(.text)
    RCC_USBCLKConfig                         0x08006a05   Thumb Code     6  stm32f10x_rcc.o(.text)
    RCC_ADCCLKConfig                         0x08006a0b   Thumb Code    18  stm32f10x_rcc.o(.text)
    RCC_LSEConfig                            0x08006a1d   Thumb Code    44  stm32f10x_rcc.o(.text)
    RCC_LSICmd                               0x08006a49   Thumb Code     6  stm32f10x_rcc.o(.text)
    RCC_RTCCLKConfig                         0x08006a4f   Thumb Code    12  stm32f10x_rcc.o(.text)
    RCC_RTCCLKCmd                            0x08006a5b   Thumb Code     6  stm32f10x_rcc.o(.text)
    RCC_GetClocksFreq                        0x08006a61   Thumb Code   192  stm32f10x_rcc.o(.text)
    RCC_AHBPeriphClockCmd                    0x08006b21   Thumb Code    26  stm32f10x_rcc.o(.text)
    RCC_APB2PeriphClockCmd                   0x08006b3b   Thumb Code    26  stm32f10x_rcc.o(.text)
    RCC_APB1PeriphClockCmd                   0x08006b55   Thumb Code    26  stm32f10x_rcc.o(.text)
    RCC_APB2PeriphResetCmd                   0x08006b6f   Thumb Code    26  stm32f10x_rcc.o(.text)
    RCC_APB1PeriphResetCmd                   0x08006b89   Thumb Code    26  stm32f10x_rcc.o(.text)
    RCC_BackupResetCmd                       0x08006ba3   Thumb Code     6  stm32f10x_rcc.o(.text)
    RCC_ClockSecuritySystemCmd               0x08006ba9   Thumb Code     6  stm32f10x_rcc.o(.text)
    RCC_MCOConfig                            0x08006baf   Thumb Code     6  stm32f10x_rcc.o(.text)
    RCC_ClearFlag                            0x08006bb5   Thumb Code    14  stm32f10x_rcc.o(.text)
    RCC_GetITStatus                          0x08006bc3   Thumb Code    20  stm32f10x_rcc.o(.text)
    RCC_ClearITPendingBit                    0x08006bd7   Thumb Code     6  stm32f10x_rcc.o(.text)
    USART_DeInit                             0x08006c11   Thumb Code   134  stm32f10x_usart.o(.text)
    USART_Init                               0x08006c97   Thumb Code   210  stm32f10x_usart.o(.text)
    USART_StructInit                         0x08006d69   Thumb Code    24  stm32f10x_usart.o(.text)
    USART_ClockInit                          0x08006d81   Thumb Code    34  stm32f10x_usart.o(.text)
    USART_ClockStructInit                    0x08006da3   Thumb Code    12  stm32f10x_usart.o(.text)
    USART_Cmd                                0x08006daf   Thumb Code    24  stm32f10x_usart.o(.text)
    USART_ITConfig                           0x08006dc7   Thumb Code    74  stm32f10x_usart.o(.text)
    USART_DMACmd                             0x08006e11   Thumb Code    24  stm32f10x_usart.o(.text)
    USART_SetAddress                         0x08006e29   Thumb Code    18  stm32f10x_usart.o(.text)
    USART_WakeUpConfig                       0x08006e3b   Thumb Code    18  stm32f10x_usart.o(.text)
    USART_ReceiverWakeUpCmd                  0x08006e4d   Thumb Code    24  stm32f10x_usart.o(.text)
    USART_LINBreakDetectLengthConfig         0x08006e65   Thumb Code    18  stm32f10x_usart.o(.text)
    USART_LINCmd                             0x08006e77   Thumb Code    24  stm32f10x_usart.o(.text)
    USART_SendData                           0x08006e8f   Thumb Code     8  stm32f10x_usart.o(.text)
    USART_ReceiveData                        0x08006e97   Thumb Code    10  stm32f10x_usart.o(.text)
    USART_SendBreak                          0x08006ea1   Thumb Code    10  stm32f10x_usart.o(.text)
    USART_SetGuardTime                       0x08006eab   Thumb Code    16  stm32f10x_usart.o(.text)
    USART_SetPrescaler                       0x08006ebb   Thumb Code    16  stm32f10x_usart.o(.text)
    USART_SmartCardCmd                       0x08006ecb   Thumb Code    24  stm32f10x_usart.o(.text)
    USART_SmartCardNACKCmd                   0x08006ee3   Thumb Code    24  stm32f10x_usart.o(.text)
    USART_HalfDuplexCmd                      0x08006efb   Thumb Code    24  stm32f10x_usart.o(.text)
    USART_OverSampling8Cmd                   0x08006f13   Thumb Code    22  stm32f10x_usart.o(.text)
    USART_OneBitMethodCmd                    0x08006f29   Thumb Code    24  stm32f10x_usart.o(.text)
    USART_IrDAConfig                         0x08006f41   Thumb Code    18  stm32f10x_usart.o(.text)
    USART_IrDACmd                            0x08006f53   Thumb Code    24  stm32f10x_usart.o(.text)
    USART_GetFlagStatus                      0x08006f6b   Thumb Code    26  stm32f10x_usart.o(.text)
    USART_ClearFlag                          0x08006f85   Thumb Code    18  stm32f10x_usart.o(.text)
    USART_GetITStatus                        0x08006f97   Thumb Code    84  stm32f10x_usart.o(.text)
    USART_ClearITPendingBit                  0x08006feb   Thumb Code    50  stm32f10x_usart.o(.text)
    __use_no_semihosting                     0x0800701d   Thumb Code     2  use_no_semi_2.o(.text)
    __2printf                                0x08007021   Thumb Code    20  noretval__2printf.o(.text)
    __2sprintf                               0x08007039   Thumb Code    34  noretval__2sprintf.o(.text)
    _printf_pre_padding                      0x08007061   Thumb Code    44  _printf_pad.o(.text)
    _printf_post_padding                     0x0800708d   Thumb Code    36  _printf_pad.o(.text)
    _printf_int_hex                          0x080070b1   Thumb Code    88  _printf_hex_int.o(.text)
    _printf_longlong_hex                     0x080070b1   Thumb Code     0  _printf_hex_int.o(.text)
    __printf                                 0x0800710d   Thumb Code   320  __printf_flags_wp.o(.text)
    __use_two_region_memory                  0x08007251   Thumb Code     2  heapauxi.o(.text)
    __rt_heap_escrow$2region                 0x08007253   Thumb Code     2  heapauxi.o(.text)
    __rt_heap_expand$2region                 0x08007255   Thumb Code     2  heapauxi.o(.text)
    __I$use$semihosting                      0x08007257   Thumb Code     0  use_no_semi.o(.text)
    __use_no_semihosting_swi                 0x08007257   Thumb Code     2  use_no_semi.o(.text)
    _printf_int_common                       0x08007259   Thumb Code   180  _printf_intcommon.o(.text)
    __lib_sel_fp_printf                      0x0800730d   Thumb Code     2  _printf_fp_dec.o(.text)
    _printf_fp_dec_real                      0x080074b3   Thumb Code   616  _printf_fp_dec.o(.text)
    _printf_char_common                      0x08007727   Thumb Code    32  _printf_char_common.o(.text)
    _sputc                                   0x0800774d   Thumb Code    10  _sputc.o(.text)
    _printf_char_file                        0x08007759   Thumb Code    32  _printf_char_file.o(.text)
    __rt_locale                              0x0800777d   Thumb Code    12  rt_locale_intlibspace.o(.text)
    _ll_udiv10                               0x08007789   Thumb Code   138  lludiv10.o(.text)
    _printf_fp_infnan                        0x08007815   Thumb Code   108  _printf_fp_infnan.o(.text)
    _btod_etento                             0x08007891   Thumb Code   230  bigflt0.o(.text)
    ferror                                   0x0800797d   Thumb Code     8  ferror.o(.text)
    __rt_udiv10                              0x08007985   Thumb Code    16  rtudiv10.o(.text)
    __user_libspace                          0x08007995   Thumb Code     8  libspace.o(.text)
    __user_perproc_libspace                  0x08007995   Thumb Code     0  libspace.o(.text)
    __user_perthread_libspace                0x08007995   Thumb Code     0  libspace.o(.text)
    __user_setup_stackheap                   0x0800799d   Thumb Code    74  sys_stackheap_outer.o(.text)
    exit                                     0x080079e7   Thumb Code    12  exit.o(.text)
    strcmp                                   0x080079f5   Thumb Code   128  strcmpv7m.o(.text)
    __rt_fp_status_addr                      0x08007a75   Thumb Code    12  rt_fp_status_addr_intlibspace.o(.text)
    _btod_d2e                                0x08007a81   Thumb Code    62  btod.o(CL$$btod_d2e)
    _d2e_denorm_low                          0x08007abf   Thumb Code    70  btod.o(CL$$btod_d2e_denorm_low)
    _d2e_norm_op1                            0x08007b05   Thumb Code    96  btod.o(CL$$btod_d2e_norm_op1)
    __btod_div_common                        0x08007b65   Thumb Code   696  btod.o(CL$$btod_div_common)
    _e2e                                     0x08007e9d   Thumb Code   198  btod.o(CL$$btod_e2e)
    _btod_ediv                               0x08007f63   Thumb Code    40  btod.o(CL$$btod_ediv)
    _btod_emul                               0x08007f8b   Thumb Code    40  btod.o(CL$$btod_emul)
    __btod_mult_common                       0x08007fb3   Thumb Code   580  btod.o(CL$$btod_mult_common)
    __ARM_fpclassify                         0x080081f7   Thumb Code    40  fpclassify.o(i.__ARM_fpclassify)
    _get_lc_numeric                          0x08008221   Thumb Code    44  lc_numeric_c.o(locale$$code)
    __aeabi_d2uiz                            0x0800824d   Thumb Code     0  dfixu.o(x$fpl$dfixu)
    _dfixu                                   0x0800824d   Thumb Code    90  dfixu.o(x$fpl$dfixu)
    __aeabi_ui2d                             0x080082a7   Thumb Code     0  dflt_clz.o(x$fpl$dfltu)
    _dfltu                                   0x080082a7   Thumb Code    38  dflt_clz.o(x$fpl$dfltu)
    __aeabi_dmul                             0x080082cd   Thumb Code     0  dmul.o(x$fpl$dmul)
    _dmul                                    0x080082cd   Thumb Code   332  dmul.o(x$fpl$dmul)
    __fpl_dnaninf                            0x08008421   Thumb Code   156  dnaninf.o(x$fpl$dnaninf)
    __fpl_dretinf                            0x080084bd   Thumb Code    12  dretinf.o(x$fpl$dretinf)
    __aeabi_f2d                              0x080084c9   Thumb Code     0  f2d.o(x$fpl$f2d)
    _f2d                                     0x080084c9   Thumb Code    86  f2d.o(x$fpl$f2d)
    __aeabi_fadd                             0x08008521   Thumb Code     0  faddsub_clz.o(x$fpl$fadd)
    _fadd                                    0x08008521   Thumb Code   196  faddsub_clz.o(x$fpl$fadd)
    __aeabi_fdiv                             0x080085e5   Thumb Code     0  fdiv.o(x$fpl$fdiv)
    _fdiv                                    0x080085e5   Thumb Code   384  fdiv.o(x$fpl$fdiv)
    __aeabi_ui2f                             0x08008769   Thumb Code     0  fflt_clz.o(x$fpl$ffltu)
    _ffltu                                   0x08008769   Thumb Code    38  fflt_clz.o(x$fpl$ffltu)
    __fpl_fnaninf                            0x0800878f   Thumb Code   140  fnaninf.o(x$fpl$fnaninf)
    _fp_init                                 0x0800881b   Thumb Code    14  fpinit.o(x$fpl$fpinit)
    __fplib_config_pureend_doubles           0x08008827   Thumb Code     0  fpinit.o(x$fpl$fpinit)
    __fpl_fretinf                            0x08008829   Thumb Code    10  fretinf.o(x$fpl$fretinf)
    __aeabi_fsub                             0x08008835   Thumb Code     0  faddsub_clz.o(x$fpl$fsub)
    _fsub                                    0x08008835   Thumb Code   234  faddsub_clz.o(x$fpl$fsub)
    _printf_fp_dec                           0x0800891f   Thumb Code     4  printf1.o(x$fpl$printf1)
    __I$use$fp                               0x08008923   Thumb Code     0  usenofp.o(x$fpl$usenofp)
    asc2_1206                                0x08008922   Data        1140  lcd.o(.constdata)
    asc2_1608                                0x08008d96   Data        1520  lcd.o(.constdata)
    asc2_2412                                0x08009386   Data        3420  lcd.o(.constdata)
    Region$$Table$$Base                      0x0800a1b0   Number         0  anon$$obj.o(Region$$Table)
    Region$$Table$$Limit                     0x0800a1d0   Number         0  anon$$obj.o(Region$$Table)
    SystemCoreClock                          0x20000000   Data           4  system_stm32f10x.o(.data)
    AHBPrescTable                            0x20000004   Data          16  system_stm32f10x.o(.data)
    POINT_COLOR                              0x20000014   Data           2  lcd.o(.data)
    BACK_COLOR                               0x20000016   Data           2  lcd.o(.data)
    USART_RX_STA                             0x2000001c   Data           1  usart.o(.data)
    __stdout                                 0x20000020   Data           4  usart.o(.data)
    lcddev                                   0x20000038   Data          14  lcd.o(.bss)
    USART_RX_BUF                             0x20000046   Data          64  usart.o(.bss)
    __libspace_start                         0x20000088   Data          96  libspace.o(.bss)
    __temporary_stack_top$libspace           0x200000e8   Data           0  libspace.o(.bss)



==============================================================================

Memory Map of the image

  Image Entry point : 0x08000131

  Load Region LR_IROM1 (Base: 0x08000000, Size: 0x0000a224, Max: 0x00040000, ABSOLUTE)

    Execution Region ER_IROM1 (Base: 0x08000000, Size: 0x0000a1ec, Max: 0x00040000, ABSOLUTE)

    Base Addr    Size         Type   Attr      Idx    E Section Name        Object

    0x08000000   0x00000130   Data   RO          381    RESET               startup_stm32f10x_hd.o
    0x08000130   0x00000008   Code   RO          724  * !!!main             c_w.l(__main.o)(c_w.l)
    0x08000138   0x00000034   Code   RO          987    !!!scatter          c_w.l(__scatter.o)(c_w.l)
    0x0800016c   0x0000001a   Code   RO          989    !!handler_copy      c_w.l(__scatter_copy.o)(c_w.l)
    0x08000186   0x00000002   PAD
    0x08000188   0x0000001c   Code   RO          991    !!handler_zi        c_w.l(__scatter_zi.o)(c_w.l)
    0x080001a4   0x00000000   Code   RO          721    .ARM.Collect$$_printf_percent$$00000000  c_w.l(_printf_percent.o)(c_w.l)
    0x080001a4   0x00000006   Code   RO          720    .ARM.Collect$$_printf_percent$$00000003  c_w.l(_printf_f.o)(c_w.l)
    0x080001aa   0x00000006   Code   RO          719    .ARM.Collect$$_printf_percent$$0000000C  c_w.l(_printf_x.o)(c_w.l)
    0x080001b0   0x00000004   Code   RO          772    .ARM.Collect$$_printf_percent$$00000017  c_w.l(_printf_percent_end.o)(c_w.l)
    0x080001b4   0x00000006   Code   RO          864    .ARM.Collect$$libinit$$00000000  c_w.l(libinit.o)(c_w.l)
    0x080001ba   0x00000000   Code   RO          867    .ARM.Collect$$libinit$$00000006  c_w.l(libinit2.o)(c_w.l)
    0x080001ba   0x00000000   Code   RO          869    .ARM.Collect$$libinit$$00000008  c_w.l(libinit2.o)(c_w.l)
    0x080001ba   0x00000000   Code   RO          871    .ARM.Collect$$libinit$$0000000A  c_w.l(libinit2.o)(c_w.l)
    0x080001ba   0x00000006   Code   RO          872    .ARM.Collect$$libinit$$0000000B  c_w.l(libinit2.o)(c_w.l)
    0x080001c0   0x00000000   Code   RO          874    .ARM.Collect$$libinit$$0000000D  c_w.l(libinit2.o)(c_w.l)
    0x080001c0   0x00000000   Code   RO          876    .ARM.Collect$$libinit$$0000000F  c_w.l(libinit2.o)(c_w.l)
    0x080001c0   0x00000000   Code   RO          878    .ARM.Collect$$libinit$$00000011  c_w.l(libinit2.o)(c_w.l)
    0x080001c0   0x0000000a   Code   RO          879    .ARM.Collect$$libinit$$00000012  c_w.l(libinit2.o)(c_w.l)
    0x080001ca   0x00000000   Code   RO          880    .ARM.Collect$$libinit$$00000013  c_w.l(libinit2.o)(c_w.l)
    0x080001ca   0x00000000   Code   RO          882    .ARM.Collect$$libinit$$00000015  c_w.l(libinit2.o)(c_w.l)
    0x080001ca   0x00000000   Code   RO          884    .ARM.Collect$$libinit$$00000017  c_w.l(libinit2.o)(c_w.l)
    0x080001ca   0x00000000   Code   RO          886    .ARM.Collect$$libinit$$00000019  c_w.l(libinit2.o)(c_w.l)
    0x080001ca   0x00000000   Code   RO          888    .ARM.Collect$$libinit$$0000001B  c_w.l(libinit2.o)(c_w.l)
    0x080001ca   0x00000000   Code   RO          890    .ARM.Collect$$libinit$$0000001D  c_w.l(libinit2.o)(c_w.l)
    0x080001ca   0x00000000   Code   RO          892    .ARM.Collect$$libinit$$0000001F  c_w.l(libinit2.o)(c_w.l)
    0x080001ca   0x00000000   Code   RO          894    .ARM.Collect$$libinit$$00000021  c_w.l(libinit2.o)(c_w.l)
    0x080001ca   0x00000000   Code   RO          898    .ARM.Collect$$libinit$$00000028  c_w.l(libinit2.o)(c_w.l)
    0x080001ca   0x00000000   Code   RO          900    .ARM.Collect$$libinit$$0000002A  c_w.l(libinit2.o)(c_w.l)
    0x080001ca   0x00000000   Code   RO          902    .ARM.Collect$$libinit$$0000002C  c_w.l(libinit2.o)(c_w.l)
    0x080001ca   0x00000000   Code   RO          904    .ARM.Collect$$libinit$$0000002E  c_w.l(libinit2.o)(c_w.l)
    0x080001ca   0x00000002   Code   RO          905    .ARM.Collect$$libinit$$0000002F  c_w.l(libinit2.o)(c_w.l)
    0x080001cc   0x00000002   Code   RO          939    .ARM.Collect$$libshutdown$$00000000  c_w.l(libshutdown.o)(c_w.l)
    0x080001ce   0x00000000   Code   RO          948    .ARM.Collect$$libshutdown$$00000003  c_w.l(libshutdown2.o)(c_w.l)
    0x080001ce   0x00000000   Code   RO          951    .ARM.Collect$$libshutdown$$00000006  c_w.l(libshutdown2.o)(c_w.l)
    0x080001ce   0x00000000   Code   RO          954    .ARM.Collect$$libshutdown$$00000009  c_w.l(libshutdown2.o)(c_w.l)
    0x080001ce   0x00000000   Code   RO          956    .ARM.Collect$$libshutdown$$0000000B  c_w.l(libshutdown2.o)(c_w.l)
    0x080001ce   0x00000000   Code   RO          959    .ARM.Collect$$libshutdown$$0000000E  c_w.l(libshutdown2.o)(c_w.l)
    0x080001ce   0x00000002   Code   RO          960    .ARM.Collect$$libshutdown$$0000000F  c_w.l(libshutdown2.o)(c_w.l)
    0x080001d0   0x00000000   Code   RO          760    .ARM.Collect$$rtentry$$00000000  c_w.l(rtentry.o)(c_w.l)
    0x080001d0   0x00000000   Code   RO          783    .ARM.Collect$$rtentry$$00000002  c_w.l(rtentry2.o)(c_w.l)
    0x080001d0   0x00000006   Code   RO          798    .ARM.Collect$$rtentry$$00000004  c_w.l(rtentry4.o)(c_w.l)
    0x080001d6   0x00000000   Code   RO          785    .ARM.Collect$$rtentry$$00000009  c_w.l(rtentry2.o)(c_w.l)
    0x080001d6   0x00000004   Code   RO          786    .ARM.Collect$$rtentry$$0000000A  c_w.l(rtentry2.o)(c_w.l)
    0x080001da   0x00000000   Code   RO          788    .ARM.Collect$$rtentry$$0000000C  c_w.l(rtentry2.o)(c_w.l)
    0x080001da   0x00000008   Code   RO          789    .ARM.Collect$$rtentry$$0000000D  c_w.l(rtentry2.o)(c_w.l)
    0x080001e2   0x00000002   Code   RO          906    .ARM.Collect$$rtexit$$00000000  c_w.l(rtexit.o)(c_w.l)
    0x080001e4   0x00000000   Code   RO          913    .ARM.Collect$$rtexit$$00000002  c_w.l(rtexit2.o)(c_w.l)
    0x080001e4   0x00000004   Code   RO          914    .ARM.Collect$$rtexit$$00000003  c_w.l(rtexit2.o)(c_w.l)
    0x080001e8   0x00000006   Code   RO          915    .ARM.Collect$$rtexit$$00000004  c_w.l(rtexit2.o)(c_w.l)
    0x080001ee   0x00000002   PAD
    0x080001f0   0x000000a8   Code   RO            1    .text               main.o
    0x08000298   0x0000001a   Code   RO          125    .text               stm32f10x_it.o
    0x080002b2   0x00000002   PAD
    0x080002b4   0x000001c8   Code   RO          223    .text               system_stm32f10x.o
    0x0800047c   0x000000e0   Code   RO          241    .text               ultrasonic.o
    0x0800055c   0x00005ca4   Code   RO          253    .text               lcd.o
    0x08006200   0x0000009c   Code   RO          319    .text               delay.o
    0x0800629c   0x00000140   Code   RO          345    .text               usart.o
    0x080063dc   0x00000040   Code   RO          382    .text               startup_stm32f10x_hd.o
    0x0800641c   0x000000f8   Code   RO          386    .text               misc.o
    0x08006514   0x00000358   Code   RO          530    .text               stm32f10x_gpio.o
    0x0800686c   0x000003a4   Code   RO          578    .text               stm32f10x_rcc.o
    0x08006c10   0x0000040c   Code   RO          640    .text               stm32f10x_usart.o
    0x0800701c   0x00000002   Code   RO          666    .text               c_w.l(use_no_semi_2.o)(c_w.l)
    0x0800701e   0x00000002   PAD
    0x08007020   0x00000018   Code   RO          672    .text               c_w.l(noretval__2printf.o)(c_w.l)
    0x08007038   0x00000028   Code   RO          674    .text               c_w.l(noretval__2sprintf.o)(c_w.l)
    0x08007060   0x00000050   Code   RO          678    .text               c_w.l(_printf_pad.o)(c_w.l)
    0x080070b0   0x0000005c   Code   RO          683    .text               c_w.l(_printf_hex_int.o)(c_w.l)
    0x0800710c   0x00000144   Code   RO          711    .text               c_w.l(__printf_flags_wp.o)(c_w.l)
    0x08007250   0x00000006   Code   RO          722    .text               c_w.l(heapauxi.o)(c_w.l)
    0x08007256   0x00000002   Code   RO          758    .text               c_w.l(use_no_semi.o)(c_w.l)
    0x08007258   0x000000b4   Code   RO          762    .text               c_w.l(_printf_intcommon.o)(c_w.l)
    0x0800730c   0x0000040e   Code   RO          764    .text               c_w.l(_printf_fp_dec.o)(c_w.l)
    0x0800771a   0x00000002   PAD
    0x0800771c   0x00000030   Code   RO          766    .text               c_w.l(_printf_char_common.o)(c_w.l)
    0x0800774c   0x0000000a   Code   RO          768    .text               c_w.l(_sputc.o)(c_w.l)
    0x08007756   0x00000002   PAD
    0x08007758   0x00000024   Code   RO          770    .text               c_w.l(_printf_char_file.o)(c_w.l)
    0x0800777c   0x0000000c   Code   RO          803    .text               c_w.l(rt_locale_intlibspace.o)(c_w.l)
    0x08007788   0x0000008a   Code   RO          805    .text               c_w.l(lludiv10.o)(c_w.l)
    0x08007812   0x00000002   PAD
    0x08007814   0x0000007c   Code   RO          807    .text               c_w.l(_printf_fp_infnan.o)(c_w.l)
    0x08007890   0x000000ec   Code   RO          811    .text               c_w.l(bigflt0.o)(c_w.l)
    0x0800797c   0x00000008   Code   RO          836    .text               c_w.l(ferror.o)(c_w.l)
    0x08007984   0x00000010   Code   RO          843    .text               c_w.l(rtudiv10.o)(c_w.l)
    0x08007994   0x00000008   Code   RO          849    .text               c_w.l(libspace.o)(c_w.l)
    0x0800799c   0x0000004a   Code   RO          852    .text               c_w.l(sys_stackheap_outer.o)(c_w.l)
    0x080079e6   0x0000000c   Code   RO          854    .text               c_w.l(exit.o)(c_w.l)
    0x080079f2   0x00000002   PAD
    0x080079f4   0x00000080   Code   RO          856    .text               c_w.l(strcmpv7m.o)(c_w.l)
    0x08007a74   0x0000000c   Code   RO          923    .text               c_w.l(rt_fp_status_addr_intlibspace.o)(c_w.l)
    0x08007a80   0x0000003e   Code   RO          814    CL$$btod_d2e        c_w.l(btod.o)(c_w.l)
    0x08007abe   0x00000046   Code   RO          816    CL$$btod_d2e_denorm_low  c_w.l(btod.o)(c_w.l)
    0x08007b04   0x00000060   Code   RO          815    CL$$btod_d2e_norm_op1  c_w.l(btod.o)(c_w.l)
    0x08007b64   0x00000338   Code   RO          824    CL$$btod_div_common  c_w.l(btod.o)(c_w.l)
    0x08007e9c   0x000000c6   Code   RO          821    CL$$btod_e2e        c_w.l(btod.o)(c_w.l)
    0x08007f62   0x00000028   Code   RO          818    CL$$btod_ediv       c_w.l(btod.o)(c_w.l)
    0x08007f8a   0x00000028   Code   RO          817    CL$$btod_emul       c_w.l(btod.o)(c_w.l)
    0x08007fb2   0x00000244   Code   RO          823    CL$$btod_mult_common  c_w.l(btod.o)(c_w.l)
    0x080081f6   0x00000028   Code   RO          847    i.__ARM_fpclassify  m_ws.l(fpclassify.o)(m_ws.l)
    0x0800821e   0x00000002   PAD
    0x08008220   0x0000002c   Code   RO          841    locale$$code        c_w.l(lc_numeric_c.o)(c_w.l)
    0x0800824c   0x0000005a   Code   RO          726    x$fpl$dfixu         fz_ws.l(dfixu.o)(fz_ws.l)
    0x080082a6   0x00000026   Code   RO          730    x$fpl$dfltu         fz_ws.l(dflt_clz.o)(fz_ws.l)
    0x080082cc   0x00000154   Code   RO          736    x$fpl$dmul          fz_ws.l(dmul.o)(fz_ws.l)
    0x08008420   0x0000009c   Code   RO          773    x$fpl$dnaninf       fz_ws.l(dnaninf.o)(fz_ws.l)
    0x080084bc   0x0000000c   Code   RO          775    x$fpl$dretinf       fz_ws.l(dretinf.o)(fz_ws.l)
    0x080084c8   0x00000056   Code   RO          738    x$fpl$f2d           fz_ws.l(f2d.o)(fz_ws.l)
    0x0800851e   0x00000002   PAD
    0x08008520   0x000000c4   Code   RO          740    x$fpl$fadd          fz_ws.l(faddsub_clz.o)(fz_ws.l)
    0x080085e4   0x00000184   Code   RO          747    x$fpl$fdiv          fz_ws.l(fdiv.o)(fz_ws.l)
    0x08008768   0x00000026   Code   RO          750    x$fpl$ffltu         fz_ws.l(fflt_clz.o)(fz_ws.l)
    0x0800878e   0x0000008c   Code   RO          777    x$fpl$fnaninf       fz_ws.l(fnaninf.o)(fz_ws.l)
    0x0800881a   0x0000000e   Code   RO          910    x$fpl$fpinit        fz_ws.l(fpinit.o)(fz_ws.l)
    0x08008828   0x0000000a   Code   RO          779    x$fpl$fretinf       fz_ws.l(fretinf.o)(fz_ws.l)
    0x08008832   0x00000002   PAD
    0x08008834   0x000000ea   Code   RO          742    x$fpl$fsub          fz_ws.l(faddsub_clz.o)(fz_ws.l)
    0x0800891e   0x00000004   Code   RO          756    x$fpl$printf1       fz_ws.l(printf1.o)(fz_ws.l)
    0x08008922   0x00000000   Code   RO          781    x$fpl$usenofp       fz_ws.l(usenofp.o)(fz_ws.l)
    0x08008922   0x000017c0   Data   RO          255    .constdata          lcd.o
    0x0800a0e2   0x00000028   Data   RO          684    .constdata          c_w.l(_printf_hex_int.o)(c_w.l)
    0x0800a10a   0x00000011   Data   RO          712    .constdata          c_w.l(__printf_flags_wp.o)(c_w.l)
    0x0800a11b   0x00000001   PAD
    0x0800a11c   0x00000094   Data   RO          812    .constdata          c_w.l(bigflt0.o)(c_w.l)
    0x0800a1b0   0x00000020   Data   RO          985    Region$$Table       anon$$obj.o
    0x0800a1d0   0x0000001c   Data   RO          840    locale$$data        c_w.l(lc_numeric_c.o)(c_w.l)


    Execution Region RW_IRAM1 (Base: 0x20000000, Size: 0x000006e8, Max: 0x0000c000, ABSOLUTE)

    Base Addr    Size         Type   Attr      Idx    E Section Name        Object

    0x20000000   0x00000014   Data   RW          224    .data               system_stm32f10x.o
    0x20000014   0x00000004   Data   RW          256    .data               lcd.o
    0x20000018   0x00000004   Data   RW          320    .data               delay.o
    0x2000001c   0x00000008   Data   RW          347    .data               usart.o
    0x20000024   0x00000014   Data   RW          579    .data               stm32f10x_rcc.o
    0x20000038   0x0000000e   Zero   RW          254    .bss                lcd.o
    0x20000046   0x00000040   Zero   RW          346    .bss                usart.o
    0x20000086   0x00000002   PAD
    0x20000088   0x00000060   Zero   RW          850    .bss                c_w.l(libspace.o)(c_w.l)
    0x200000e8   0x00000200   Zero   RW          380    HEAP                startup_stm32f10x_hd.o
    0x200002e8   0x00000400   Zero   RW          379    STACK               startup_stm32f10x_hd.o


==============================================================================

Image component sizes


      Code (inc. data)   RO Data    RW Data    ZI Data      Debug   Object Name

         0          0          0          0          0          0   core_cm3.o
       156          8          0          4          0          0   delay.o
     23716        280       6080          4         14          0   lcd.o
       168         46          0          0          0          0   main.o
       248         30          0          0          0          0   misc.o
        64         26        304          0       1536          0   startup_stm32f10x_hd.o
       856         40          0          0          0          0   stm32f10x_gpio.o
        26          0          0          0          0          0   stm32f10x_it.o
       932         52          0         20          0          0   stm32f10x_rcc.o
      1036         20          0          0          0          0   stm32f10x_usart.o
       456         36          0         20          0          0   system_stm32f10x.o
       224         22          0          0          0          0   ultrasonic.o
       320         20          0          8         64          0   usart.o

    ----------------------------------------------------------------------
     28204        580       6416         56       1616          0   Object Totals
         0          0         32          0          0          0   (incl. Generated)
         2          0          0          0          2          2   (incl. Padding)

    ----------------------------------------------------------------------

      Code (inc. data)   RO Data    RW Data    ZI Data      Debug   Library Member Name

         8          0          0          0          0          0   __main.o
       324          4         17          0          0          0   __printf_flags_wp.o
        52          8          0          0          0          0   __scatter.o
        26          0          0          0          0          0   __scatter_copy.o
        28          0          0          0          0          0   __scatter_zi.o
        48          6          0          0          0          0   _printf_char_common.o
        36          4          0          0          0          0   _printf_char_file.o
         6          0          0          0          0          0   _printf_f.o
      1038          0          0          0          0          0   _printf_fp_dec.o
       124         16          0          0          0          0   _printf_fp_infnan.o
        92          4         40          0          0          0   _printf_hex_int.o
       180          0          0          0          0          0   _printf_intcommon.o
        80          0          0          0          0          0   _printf_pad.o
         0          0          0          0          0          0   _printf_percent.o
         4          0          0          0          0          0   _printf_percent_end.o
         6          0          0          0          0          0   _printf_x.o
        10          0          0          0          0          0   _sputc.o
       236          6        148          0          0          0   bigflt0.o
      1910        128          0          0          0          0   btod.o
        12          0          0          0          0          0   exit.o
         8          0          0          0          0          0   ferror.o
         6          0          0          0          0          0   heapauxi.o
        44         10         28          0          0          0   lc_numeric_c.o
         6          0          0          0          0          0   libinit.o
        18          0          0          0          0          0   libinit2.o
         2          0          0          0          0          0   libshutdown.o
         2          0          0          0          0          0   libshutdown2.o
         8          4          0          0         96          0   libspace.o
       138          0          0          0          0          0   lludiv10.o
        24          4          0          0          0          0   noretval__2printf.o
        40          6          0          0          0          0   noretval__2sprintf.o
        12          4          0          0          0          0   rt_fp_status_addr_intlibspace.o
        12          4          0          0          0          0   rt_locale_intlibspace.o
         0          0          0          0          0          0   rtentry.o
        12          0          0          0          0          0   rtentry2.o
         6          0          0          0          0          0   rtentry4.o
         2          0          0          0          0          0   rtexit.o
        10          0          0          0          0          0   rtexit2.o
        16          0          0          0          0          0   rtudiv10.o
       128          0          0          0          0          0   strcmpv7m.o
        74          0          0          0          0          0   sys_stackheap_outer.o
         2          0          0          0          0          0   use_no_semi.o
         2          0          0          0          0          0   use_no_semi_2.o
        90          4          0          0          0          0   dfixu.o
        38          0          0          0          0          0   dflt_clz.o
       340         12          0          0          0          0   dmul.o
       156          4          0          0          0          0   dnaninf.o
        12          0          0          0          0          0   dretinf.o
        86          4          0          0          0          0   f2d.o
       430          8          0          0          0          0   faddsub_clz.o
       388         76          0          0          0          0   fdiv.o
        38          0          0          0          0          0   fflt_clz.o
       140          4          0          0          0          0   fnaninf.o
        14          0          0          0          0          0   fpinit.o
        10          0          0          0          0          0   fretinf.o
         4          0          0          0          0          0   printf1.o
         0          0          0          0          0          0   usenofp.o
        40          0          0          0          0          0   fpclassify.o

    ----------------------------------------------------------------------
      6598        320        234          0         96          0   Library Totals
        20          0          1          0          0          0   (incl. Padding)

    ----------------------------------------------------------------------

      Code (inc. data)   RO Data    RW Data    ZI Data      Debug   Library Name

      4792        208        233          0         96       2924   c_w.l
      1746        112          0          0          0       1136   fz_ws.l
        40          0          0          0          0         68   m_ws.l

    ----------------------------------------------------------------------
      6598        320        234          0         96          0   Library Totals

    ----------------------------------------------------------------------

==============================================================================


      Code (inc. data)   RO Data    RW Data    ZI Data      Debug   

     34802        900       6650         56       1712     502024   Grand Totals
     34802        900       6650         56       1712     502024   ELF Image Totals
     34802        900       6650         56          0          0   ROM Totals

==============================================================================

    Total RO  Size (Code + RO Data)                41452 (  40.48kB)
    Total RW  Size (RW Data + ZI Data)              1768 (   1.73kB)
    Total ROM Size (Code + RO Data + RW Data)      41508 (  40.54kB)

==============================================================================

